Archive member included to satisfy reference by file (symbol)

c:/progra~1/raspbe~1/picosd~1.1/gcc-ar~1/bin/../lib/gcc/arm-none-eabi/10.3.1/thumb/v6-m/nofp\libgcc.a(_dvmd_tls.o)
                              CMakeFiles/HomePowerBank.dir/C_/Users/Robert/.pico-sdk/sdk/2.1.0/src/rp2_common/pico_divider/divider_hardware.S.obj (__aeabi_idiv0)
c:/progra~1/raspbe~1/picosd~1.1/gcc-ar~1/bin/../lib/gcc/arm-none-eabi/10.3.1/../../../../arm-none-eabi/lib/thumb/v6-m/nofp\libg.a(lib_a-calloc.o)
                              CMakeFiles/HomePowerBank.dir/C_/Users/Robert/.pico-sdk/sdk/2.1.0/src/rp2_common/pico_malloc/malloc.c.obj (calloc)
c:/progra~1/raspbe~1/picosd~1.1/gcc-ar~1/bin/../lib/gcc/arm-none-eabi/10.3.1/../../../../arm-none-eabi/lib/thumb/v6-m/nofp\libg.a(lib_a-callocr.o)
                              c:/progra~1/raspbe~1/picosd~1.1/gcc-ar~1/bin/../lib/gcc/arm-none-eabi/10.3.1/../../../../arm-none-eabi/lib/thumb/v6-m/nofp\libg.a(lib_a-calloc.o) (_calloc_r)
c:/progra~1/raspbe~1/picosd~1.1/gcc-ar~1/bin/../lib/gcc/arm-none-eabi/10.3.1/../../../../arm-none-eabi/lib/thumb/v6-m/nofp\libg.a(lib_a-errno.o)
                              c:/progra~1/raspbe~1/picosd~1.1/gcc-ar~1/bin/../lib/gcc/arm-none-eabi/10.3.1/../../../../arm-none-eabi/lib/thumb/v6-m/nofp\libg.a(lib_a-callocr.o) (__errno)
c:/progra~1/raspbe~1/picosd~1.1/gcc-ar~1/bin/../lib/gcc/arm-none-eabi/10.3.1/../../../../arm-none-eabi/lib/thumb/v6-m/nofp\libg.a(lib_a-impure.o)
                              c:/progra~1/raspbe~1/picosd~1.1/gcc-ar~1/bin/../lib/gcc/arm-none-eabi/10.3.1/../../../../arm-none-eabi/lib/thumb/v6-m/nofp\libg.a(lib_a-calloc.o) (_impure_ptr)
c:/progra~1/raspbe~1/picosd~1.1/gcc-ar~1/bin/../lib/gcc/arm-none-eabi/10.3.1/../../../../arm-none-eabi/lib/thumb/v6-m/nofp\libg.a(lib_a-init.o)
                              c:/progra~1/raspbe~1/picosd~1.1/gcc-ar~1/bin/../lib/gcc/arm-none-eabi/10.3.1/../../../../arm-none-eabi/lib/thumb/v6-m/nofp/crt0.o (__libc_init_array)
c:/progra~1/raspbe~1/picosd~1.1/gcc-ar~1/bin/../lib/gcc/arm-none-eabi/10.3.1/../../../../arm-none-eabi/lib/thumb/v6-m/nofp\libg.a(lib_a-lcltime_r.o)
                              CMakeFiles/HomePowerBank.dir/C_/Users/Robert/.pico-sdk/sdk/2.1.0/src/common/pico_util/datetime.c.obj (localtime_r)
c:/progra~1/raspbe~1/picosd~1.1/gcc-ar~1/bin/../lib/gcc/arm-none-eabi/10.3.1/../../../../arm-none-eabi/lib/thumb/v6-m/nofp\libg.a(lib_a-malloc.o)
                              CMakeFiles/HomePowerBank.dir/C_/Users/Robert/.pico-sdk/sdk/2.1.0/src/rp2_common/pico_malloc/malloc.c.obj (malloc)
c:/progra~1/raspbe~1/picosd~1.1/gcc-ar~1/bin/../lib/gcc/arm-none-eabi/10.3.1/../../../../arm-none-eabi/lib/thumb/v6-m/nofp\libg.a(lib_a-mallocr.o)
                              c:/progra~1/raspbe~1/picosd~1.1/gcc-ar~1/bin/../lib/gcc/arm-none-eabi/10.3.1/../../../../arm-none-eabi/lib/thumb/v6-m/nofp\libg.a(lib_a-callocr.o) (_malloc_r)
c:/progra~1/raspbe~1/picosd~1.1/gcc-ar~1/bin/../lib/gcc/arm-none-eabi/10.3.1/../../../../arm-none-eabi/lib/thumb/v6-m/nofp\libg.a(lib_a-memcmp.o)
                              CMakeFiles/HomePowerBank.dir/C_/Users/Robert/.pico-sdk/sdk/2.1.0/src/rp2_common/pico_atomic/atomic.c.obj (memcmp)
c:/progra~1/raspbe~1/picosd~1.1/gcc-ar~1/bin/../lib/gcc/arm-none-eabi/10.3.1/../../../../arm-none-eabi/lib/thumb/v6-m/nofp\libg.a(lib_a-mktime.o)
                              CMakeFiles/HomePowerBank.dir/C_/Users/Robert/.pico-sdk/sdk/2.1.0/src/common/pico_util/datetime.c.obj (mktime)
c:/progra~1/raspbe~1/picosd~1.1/gcc-ar~1/bin/../lib/gcc/arm-none-eabi/10.3.1/../../../../arm-none-eabi/lib/thumb/v6-m/nofp\libg.a(lib_a-mlock.o)
                              c:/progra~1/raspbe~1/picosd~1.1/gcc-ar~1/bin/../lib/gcc/arm-none-eabi/10.3.1/../../../../arm-none-eabi/lib/thumb/v6-m/nofp\libg.a(lib_a-mallocr.o) (__malloc_lock)
c:/progra~1/raspbe~1/picosd~1.1/gcc-ar~1/bin/../lib/gcc/arm-none-eabi/10.3.1/../../../../arm-none-eabi/lib/thumb/v6-m/nofp\libg.a(lib_a-month_lengths.o)
                              c:/progra~1/raspbe~1/picosd~1.1/gcc-ar~1/bin/../lib/gcc/arm-none-eabi/10.3.1/../../../../arm-none-eabi/lib/thumb/v6-m/nofp\libg.a(lib_a-lcltime_r.o) (__month_lengths)
c:/progra~1/raspbe~1/picosd~1.1/gcc-ar~1/bin/../lib/gcc/arm-none-eabi/10.3.1/../../../../arm-none-eabi/lib/thumb/v6-m/nofp\libg.a(lib_a-realloc.o)
                              CMakeFiles/HomePowerBank.dir/C_/Users/Robert/.pico-sdk/sdk/2.1.0/src/rp2_common/pico_malloc/malloc.c.obj (realloc)
c:/progra~1/raspbe~1/picosd~1.1/gcc-ar~1/bin/../lib/gcc/arm-none-eabi/10.3.1/../../../../arm-none-eabi/lib/thumb/v6-m/nofp\libg.a(lib_a-reallocr.o)
                              c:/progra~1/raspbe~1/picosd~1.1/gcc-ar~1/bin/../lib/gcc/arm-none-eabi/10.3.1/../../../../arm-none-eabi/lib/thumb/v6-m/nofp\libg.a(lib_a-realloc.o) (_realloc_r)
c:/progra~1/raspbe~1/picosd~1.1/gcc-ar~1/bin/../lib/gcc/arm-none-eabi/10.3.1/../../../../arm-none-eabi/lib/thumb/v6-m/nofp\libg.a(lib_a-sbrkr.o)
[...]
Memory Configuration

Name             Origin             Length             Attributes
FLASH            0x10000000         0x00200000         xr
RAM              0x20000000         0x00040000         xrw
SCRATCH_X        0x20040000         0x00001000         xrw
SCRATCH_Y        0x20041000         0x00001000         xrw
*default*        0x00000000         0xffffffff

Linker script and memory map

LOAD c:/progra~1/raspbe~1/picosd~1.1/gcc-ar~1/bin/../lib/gcc/arm-none-eabi/10.3.1/thumb/v6-m/nofp/crti.o
LOAD c:/progra~1/raspbe~1/picosd~1.1/gcc-ar~1/bin/../lib/gcc/arm-none-eabi/10.3.1/thumb/v6-m/nofp/crtbegin.o
LOAD c:/progra~1/raspbe~1/picosd~1.1/gcc-ar~1/bin/../lib/gcc/arm-none-eabi/10.3.1/../../../../arm-none-eabi/lib/thumb/v6-m/nofp/crt0.o

.flash_begin    0x10000000        0x0
                0x10000000                __flash_binary_start = .

.boot2          0x10000000      0x100
                0x10000000                __boot2_start__ = .
 *(.boot2)
 .boot2         0x10000000      0x100 pico-sdk/src/rp2040/boot_stage2/CMakeFiles/bs2_default_library.dir/./bs2_default_padded_checksummed.S.obj
                0x10000100                __boot2_end__ = .
                0x00000001                ASSERT (((__boot2_end__ - __boot2_start__) == 0x100), ERROR: Pico second stage bootloader must be 256 bytes in size)

.text           0x10000100     0x3c10
                0x10000100                __logical_binary_start = .
 *(.vectors)
 .vectors       0x10000100       0xd4 CMakeFiles/HomePowerBank.dir/C_/Users/Robert/.pico-sdk/sdk/2.1.0/src/rp2_common/pico_crt0/crt0.S.obj
                0x10000100                __VECTOR_TABLE
                0x10000100                __vectors
                0x100001c0                isr_invalid
                0x100001c0                __default_isrs_start
                0x100001c2                isr_nmi
                0x100001c4                isr_hardfault
                0x100001c6                isr_svcall
                0x100001c8                isr_pendsv
                0x100001ca                isr_systick
                0x100001cc                isr_irq23
                0x100001cc                isr_irq18
                0x100001cc                isr_irq11
                0x100001cc                isr_irq28
                0x100001cc                isr_irq19
                0x100001cc                isr_irq0
                0x100001cc                isr_irq6
                0x100001cc                isr_irq5
                0x100001cc                isr_irq12
                0x100001cc                isr_irq22
                0x100001cc                isr_irq31
                0x100001cc                isr_irq17
                0x100001cc                isr_irq27
                0x100001cc                isr_irq30
                0x100001cc                isr_irq2
                0x100001cc                isr_irq10
                0x100001cc                isr_irq8
                0x100001cc                isr_irq24
                0x100001cc                isr_irq1
                0x100001cc                isr_irq7
                0x100001cc                isr_irq21
                0x100001cc                isr_irq20
                0x100001cc                isr_irq15
                0x100001cc                isr_irq25
                0x100001cc                isr_irq13
                0x100001cc                __unhandled_user_irq
                0x100001cc                isr_irq4
                0x100001cc                isr_irq16
                0x100001cc                isr_irq29
                0x100001cc                isr_irq26
                0x100001cc                __default_isrs_end
                0x100001cc                isr_irq3
                0x100001cc                isr_irq14
                0x100001cc                isr_irq9
                0x100001d2                unhandled_user_irq_num_in_r0
 *(.binary_info_header)
 .binary_info_header
                0x100001d4       0x14 CMakeFiles/HomePowerBank.dir/C_/Users/Robert/.pico-sdk/sdk/2.1.0/src/rp2_common/pico_crt0/crt0.S.obj
                0x100001e8                __binary_info_header_end = .
 *(.embedded_block)
                0x100001e8                __embedded_block_end = .
 *(.reset)
 .reset         0x100001e8       0x9c CMakeFiles/HomePowerBank.dir/C_/Users/Robert/.pico-sdk/sdk/2.1.0/src/rp2_common/pico_crt0/crt0.S.obj
                0x100001e8                _entry_point
 *(.init)
 .init          0x10000284        0x4 c:/progra~1/raspbe~1/picosd~1.1/gcc-ar~1/bin/../lib/gcc/arm-none-eabi/10.3.1/thumb/v6-m/nofp/crti.o
                0x10000284                _init
 *(EXCLUDE_FILE(*libm.a: *libc.a:*lib_a-mem*.o *libgcc.a:) .text*)
 .text          0x10000288       0x48 c:/progra~1/raspbe~1/picosd~1.1/gcc-ar~1/bin/../lib/gcc/arm-none-eabi/10.3.1/thumb/v6-m/nofp/crtbegin.o
 .text.alarm_callback
                0x100002d0        0x6 CMakeFiles/HomePowerBank.dir/HomePowerBank.c.obj
                0x100002d0                alarm_callback
 *fill*         0x100002d6        0x2 
 .text.main     0x100002d8      0x240 CMakeFiles/HomePowerBank.dir/HomePowerBank.c.obj
                0x100002d8                main
 .text.gpio_set_function
                0x10000518       0x34 CMakeFiles/HomePowerBank.dir/C_/Users/Robert/.pico-sdk/sdk/2.1.0/src/rp2_common/hardware_gpio/gpio.c.obj
                0x10000518                gpio_set_function
 .text.gpio_set_pulls
                0x1000054c       0x38 CMakeFiles/HomePowerBank.dir/C_/Users/Robert/.pico-sdk/sdk/2.1.0/src/rp2_common/hardware_gpio/gpio.c.obj
                0x1000054c                gpio_set_pulls
 .text.panic    0x10000584       0x30 CMakeFiles/HomePowerBank.dir/C_/Users/Robert/.pico-sdk/sdk/2.1.0/src/rp2_common/pico_platform_panic/panic.c.obj
                0x10000584                panic
 .text.hw_claim_lock
                0x100005b4       0x18 CMakeFiles/HomePowerBank.dir/C_/Users/Robert/.pico-sdk/sdk/2.1.0/src/common/hardware_claim/claim.c.obj
                0x100005b4                hw_claim_lock
 .text.hw_claim_unlock
                0x100005cc       0x14 CMakeFiles/HomePowerBank.dir/C_/Users/Robert/.pico-sdk/sdk/2.1.0/src/common/hardware_claim/claim.c.obj
                0x100005cc                hw_claim_unlock
 .text.hw_claim_or_assert
                0x100005e0       0x32 CMakeFiles/HomePowerBank.dir/C_/Users/Robert/.pico-sdk/sdk/2.1.0/src/common/hardware_claim/claim.c.obj
                0x100005e0                hw_claim_or_assert
 .text.hw_claim_unused_from_range
                0x10000612       0x50 CMakeFiles/HomePowerBank.dir/C_/Users/Robert/.pico-sdk/sdk/2.1.0/src/common/hardware_claim/claim.c.obj
                0x10000612                hw_claim_unused_from_range
 *fill*         0x10000662        0x2 
 .text.next_striped_spin_lock_num
                0x10000664       0x1c CMakeFiles/HomePowerBank.dir/C_/Users/Robert/.pico-sdk/sdk/2.1.0/src/rp2_common/hardware_sync/sync.c.obj
                0x10000664                next_striped_spin_lock_num
 .text.spin_locks_reset
                0x10000680       0x20 CMakeFiles/HomePowerBank.dir/C_/Users/Robert/.pico-sdk/sdk/2.1.0/src/rp2_common/hardware_sync_spin_lock/sync_spin_lock.c.obj
                0x10000680                spin_locks_reset
 .text.set_raw_irq_handler_and_unlock
                0x100006a0       0x28 CMakeFiles/HomePowerBank.dir/C_/Users/Robert/.pico-sdk/sdk/2.1.0/src/rp2_common/hardware_irq/irq.c.obj
 .text.nvic_ipr0
                0x100006c8        0x8 CMakeFiles/HomePowerBank.dir/C_/Users/Robert/.pico-sdk/sdk/2.1.0/src/rp2_common/hardware_irq/irq.c.obj
 .text.runtime_init_per_core_irq_priorities
                0x100006d0       0x1c CMakeFiles/HomePowerBank.dir/C_/Users/Robert/.pico-sdk/sdk/2.1.0/src/rp2_common/hardware_irq/irq.c.obj
                0x100006d0                runtime_init_per_core_irq_priorities
 .text.irq_set_mask_n_enabled
                0x100006ec       0x1c CMakeFiles/HomePowerBank.dir/C_/Users/Robert/.pico-sdk/sdk/2.1.0/src/rp2_common/hardware_irq/irq.c.obj
                0x100006ec                irq_set_mask_n_enabled
 .text.irq_set_enabled
                0x10000708       0x14 CMakeFiles/HomePowerBank.dir/C_/Users/Robert/.pico-sdk/sdk/2.1.0/src/rp2_common/hardware_irq/irq.c.obj
                0x10000708                irq_set_enabled
 .text.irq_get_vtable_handler
                0x1000071c       0x10 CMakeFiles/HomePowerBank.dir/C_/Users/Robert/.pico-sdk/sdk/2.1.0/src/rp2_common/hardware_irq/irq.c.obj
                0x1000071c                irq_get_vtable_handler
 .text.irq_set_exclusive_handler
                0x1000072c       0x54 CMakeFiles/HomePowerBank.dir/C_/Users/Robert/.pico-sdk/sdk/2.1.0/src/rp2_common/hardware_irq/irq.c.obj
                0x1000072c                irq_set_exclusive_handler
 .text.lock_init
                0x10000780       0x10 CMakeFiles/HomePowerBank.dir/C_/Users/Robert/.pico-sdk/sdk/2.1.0/src/common/pico_sync/lock_core.c.obj
                0x10000780                lock_init
 .text.mutex_init
                0x10000790       0x1a CMakeFiles/HomePowerBank.dir/C_/Users/Robert/.pico-sdk/sdk/2.1.0/src/common/pico_sync/mutex.c.obj
                0x10000790                mutex_init
 .text.recursive_mutex_init
                0x100007aa       0x1e CMakeFiles/HomePowerBank.dir/C_/Users/Robert/.pico-sdk/sdk/2.1.0/src/common/pico_sync/mutex.c.obj
                0x100007aa                recursive_mutex_init
 .text.runtime_init_mutex
                0x100007c8       0x4c CMakeFiles/HomePowerBank.dir/C_/Users/Robert/.pico-sdk/sdk/2.1.0/src/common/pico_sync/mutex.c.obj
                0x100007c8                runtime_init_mutex
 .text.make_alarm_id
                0x10000814        0x6 CMakeFiles/HomePowerBank.dir/C_/Users/Robert/.pico-sdk/sdk/2.1.0/src/common/pico_time/time.c.obj
 *fill*         0x1000081a        0x2 
 .text.sleep_until_callback
                0x1000081c       0x30 CMakeFiles/HomePowerBank.dir/C_/Users/Robert/.pico-sdk/sdk/2.1.0/src/common/pico_time/time.c.obj
 .text.alarm_pool_irq_handler
                0x1000084c      0x2f0 CMakeFiles/HomePowerBank.dir/C_/Users/Robert/.pico-sdk/sdk/2.1.0/src/common/pico_time/time.c.obj
 .text.alarm_pool_post_alloc_init
                0x10000b3c       0x94 CMakeFiles/HomePowerBank.dir/C_/Users/Robert/.pico-sdk/sdk/2.1.0/src/common/pico_time/time.c.obj
 .text.alarm_pool_get_default
                0x10000bd0       0x2c CMakeFiles/HomePowerBank.dir/C_/Users/Robert/.pico-sdk/sdk/2.1.0/src/common/pico_time/time.c.obj
                0x10000bd0                alarm_pool_get_default
 .text.alarm_pool_add_alarm_at_force_in_context
                0x10000bfc       0xb0 CMakeFiles/HomePowerBank.dir/C_/Users/Robert/.pico-sdk/sdk/2.1.0/src/common/pico_time/time.c.obj
                0x10000bfc                alarm_pool_add_alarm_at_force_in_context
 .text.alarm_pool_add_alarm_at
                0x10000cac       0x3c CMakeFiles/HomePowerBank.dir/C_/Users/Robert/.pico-sdk/sdk/2.1.0/src/common/pico_time/time.c.obj
                0x10000cac                alarm_pool_add_alarm_at
 .text.alarm_pool_cancel_alarm
                0x10000ce8       0x78 CMakeFiles/HomePowerBank.dir/C_/Users/Robert/.pico-sdk/sdk/2.1.0/src/common/pico_time/time.c.obj
                0x10000ce8                alarm_pool_cancel_alarm
 .text.sleep_until
                0x10000d60       0xc8 CMakeFiles/HomePowerBank.dir/C_/Users/Robert/.pico-sdk/sdk/2.1.0/src/common/pico_time/time.c.obj
                0x10000d60                sleep_until
 .text.sleep_us
                0x10000e28       0x24 CMakeFiles/HomePowerBank.dir/C_/Users/Robert/.pico-sdk/sdk/2.1.0/src/common/pico_time/time.c.obj
                0x10000e28                sleep_us
 .text.sleep_ms
                0x10000e4c       0x14 CMakeFiles/HomePowerBank.dir/C_/Users/Robert/.pico-sdk/sdk/2.1.0/src/common/pico_time/time.c.obj
                0x10000e4c                sleep_ms
 .text.best_effort_wfe_or_timeout
                0x10000e60      0x114 CMakeFiles/HomePowerBank.dir/C_/Users/Robert/.pico-sdk/sdk/2.1.0/src/common/pico_time/time.c.obj
                0x10000e60                best_effort_wfe_or_timeout
 .text.alarm_pool_get_default_timer
                0x10000f74        0x8 CMakeFiles/HomePowerBank.dir/C_/Users/Robert/.pico-sdk/sdk/2.1.0/src/common/pico_time/time.c.obj
                0x10000f74                alarm_pool_get_default_timer
 .text.runtime_init_default_alarm_pool
                0x10000f7c       0x38 CMakeFiles/HomePowerBank.dir/C_/Users/Robert/.pico-sdk/sdk/2.1.0/src/common/pico_time/time.c.obj
                0x10000f7c                runtime_init_default_alarm_pool
 .text.timer_hardware_alarm_claim
                0x10000fb4       0x14 CMakeFiles/HomePowerBank.dir/C_/Users/Robert/.pico-sdk/sdk/2.1.0/src/rp2_common/hardware_timer/timer.c.obj
                0x10000fb4                timer_hardware_alarm_claim
 .text.timer_time_us_64
                0x10000fc8       0x10 CMakeFiles/HomePowerBank.dir/C_/Users/Robert/.pico-sdk/sdk/2.1.0/src/rp2_common/hardware_timer/timer.c.obj
                0x10000fc8                timer_time_us_64
 .text.timer_busy_wait_until
                0x10000fd8       0x1a CMakeFiles/HomePowerBank.dir/C_/Users/Robert/.pico-sdk/sdk/2.1.0/src/rp2_common/hardware_timer/timer.c.obj
                0x10000fd8                timer_busy_wait_until
 .text.timer_busy_wait_us
                0x10000ff2       0x38 CMakeFiles/HomePowerBank.dir/C_/Users/Robert/.pico-sdk/sdk/2.1.0/src/rp2_common/hardware_timer/timer.c.obj
                0x10000ff2                timer_busy_wait_us
 *fill*         0x1000102a        0x2 
 .text.time_us_64
                0x1000102c       0x10 CMakeFiles/HomePowerBank.dir/C_/Users/Robert/.pico-sdk/sdk/2.1.0/src/rp2_common/hardware_timer/timer.c.obj
                0x1000102c                time_us_64
 .text.busy_wait_us
                0x1000103c       0x14 CMakeFiles/HomePowerBank.dir/C_/Users/Robert/.pico-sdk/sdk/2.1.0/src/rp2_common/hardware_timer/timer.c.obj
                0x1000103c                busy_wait_us
 .text.busy_wait_until
                0x10001050       0x14 CMakeFiles/HomePowerBank.dir/C_/Users/Robert/.pico-sdk/sdk/2.1.0/src/rp2_common/hardware_timer/timer.c.obj
                0x10001050                busy_wait_until
 .text.uart_disable_before_lcr_write
                0x10001064       0x48 CMakeFiles/HomePowerBank.dir/C_/Users/Robert/.pico-sdk/sdk/2.1.0/src/rp2_common/hardware_uart/uart.c.obj
 .text.uart_write_lcr_bits_masked
                0x100010ac       0x20 CMakeFiles/HomePowerBank.dir/C_/Users/Robert/.pico-sdk/sdk/2.1.0/src/rp2_common/hardware_uart/uart.c.obj
 .text.uart_set_baudrate
                0x100010cc       0x5c CMakeFiles/HomePowerBank.dir/C_/Users/Robert/.pico-sdk/sdk/2.1.0/src/rp2_common/hardware_uart/uart.c.obj
                0x100010cc                uart_set_baudrate
 .text.uart_set_translate_crlf
                0x10001128       0x28 CMakeFiles/HomePowerBank.dir/C_/Users/Robert/.pico-sdk/sdk/2.1.0/src/rp2_common/hardware_uart/uart.c.obj
                0x10001128                uart_set_translate_crlf
 .text.uart_init
                0x10001150       0x84 CMakeFiles/HomePowerBank.dir/C_/Users/Robert/.pico-sdk/sdk/2.1.0/src/rp2_common/hardware_uart/uart.c.obj
                0x10001150                uart_init
 .text.clock_configure_internal
                0x100011d4       0xc4 CMakeFiles/HomePowerBank.dir/C_/Users/Robert/.pico-sdk/sdk/2.1.0/src/rp2_common/hardware_clocks/clocks.c.obj
 .text.clock_configure_int_divider
                0x10001298       0x28 CMakeFiles/HomePowerBank.dir/C_/Users/Robert/.pico-sdk/sdk/2.1.0/src/rp2_common/hardware_clocks/clocks.c.obj
                0x10001298                clock_configure_int_divider
 .text.clock_configure_undivided
                0x100012c0       0x12 CMakeFiles/HomePowerBank.dir/C_/Users/Robert/.pico-sdk/sdk/2.1.0/src/rp2_common/hardware_clocks/clocks.c.obj
                0x100012c0                clock_configure_undivided
 *fill*         0x100012d2        0x2 
 .text.clock_get_hz
                0x100012d4        0xc CMakeFiles/HomePowerBank.dir/C_/Users/Robert/.pico-sdk/sdk/2.1.0/src/rp2_common/hardware_clocks/clocks.c.obj
                0x100012d4                clock_get_hz
 .text.pll_init
                0x100012e0      0x120 CMakeFiles/HomePowerBank.dir/C_/Users/Robert/.pico-sdk/sdk/2.1.0/src/rp2_common/hardware_pll/pll.c.obj
                0x100012e0                pll_init
 .text.watchdog_update
                0x10001400       0x14 CMakeFiles/HomePowerBank.dir/C_/Users/Robert/.pico-sdk/sdk/2.1.0/src/rp2_common/hardware_watchdog/watchdog.c.obj
                0x10001400                watchdog_update
 .text._watchdog_enable
                0x10001414       0x7c CMakeFiles/HomePowerBank.dir/C_/Users/Robert/.pico-sdk/sdk/2.1.0/src/rp2_common/hardware_watchdog/watchdog.c.obj
                0x10001414                _watchdog_enable
 .text.watchdog_enable
                0x10001490       0x18 CMakeFiles/HomePowerBank.dir/C_/Users/Robert/.pico-sdk/sdk/2.1.0/src/rp2_common/hardware_watchdog/watchdog.c.obj
                0x10001490                watchdog_enable
 .text.watchdog_caused_reboot
                0x100014a8       0x10 CMakeFiles/HomePowerBank.dir/C_/Users/Robert/.pico-sdk/sdk/2.1.0/src/rp2_common/hardware_watchdog/watchdog.c.obj
                0x100014a8                watchdog_caused_reboot
 .text.tick_start
                0x100014b8       0x10 CMakeFiles/HomePowerBank.dir/C_/Users/Robert/.pico-sdk/sdk/2.1.0/src/rp2_common/hardware_ticks/ticks.c.obj
                0x100014b8                tick_start
 .text.rom_func_lookup
                0x100014c8       0x10 CMakeFiles/HomePowerBank.dir/C_/Users/Robert/.pico-sdk/sdk/2.1.0/src/rp2_common/pico_bootrom/bootrom.c.obj
                0x100014c8                rom_func_lookup
 .text.rom_data_lookup
                0x100014d8       0x10 CMakeFiles/HomePowerBank.dir/C_/Users/Robert/.pico-sdk/sdk/2.1.0/src/rp2_common/pico_bootrom/bootrom.c.obj
                0x100014d8                rom_data_lookup
 .text.rom_funcs_lookup
                0x100014e8       0x36 CMakeFiles/HomePowerBank.dir/C_/Users/Robert/.pico-sdk/sdk/2.1.0/src/rp2_common/pico_bootrom/bootrom.c.obj
                0x100014e8                rom_funcs_lookup
 *fill*         0x1000151e        0x2 
 .text.xosc_init
                0x10001520       0x28 CMakeFiles/HomePowerBank.dir/C_/Users/Robert/.pico-sdk/sdk/2.1.0/src/rp2_common/hardware_xosc/xosc.c.obj
                0x10001520                xosc_init
 .text.runtime_run_initializers_from
                0x10001548       0x18 CMakeFiles/HomePowerBank.dir/C_/Users/Robert/.pico-sdk/sdk/2.1.0/src/rp2_common/pico_runtime/runtime.c.obj
 .text.first_per_core_initializer
                0x10001560        0x2 CMakeFiles/HomePowerBank.dir/C_/Users/Robert/.pico-sdk/sdk/2.1.0/src/rp2_common/pico_runtime/runtime.c.obj
 *fill*         0x10001562        0x2 
 .text.runtime_run_initializers
                0x10001564       0x10 CMakeFiles/HomePowerBank.dir/C_/Users/Robert/.pico-sdk/sdk/2.1.0/src/rp2_common/pico_runtime/runtime.c.obj
                0x10001564                runtime_run_initializers
 .text.runtime_init_early_resets
                0x10001574       0x2c CMakeFiles/HomePowerBank.dir/C_/Users/Robert/.pico-sdk/sdk/2.1.0/src/rp2_common/pico_runtime_init/runtime_init.c.obj
                0x10001574                runtime_init_early_resets
 .text.runtime_init_usb_power_down
                0x100015a0       0x1c CMakeFiles/HomePowerBank.dir/C_/Users/Robert/.pico-sdk/sdk/2.1.0/src/rp2_common/pico_runtime_init/runtime_init.c.obj
                0x100015a0                runtime_init_usb_power_down
 .text.runtime_init_post_clock_resets
                0x100015bc       0x20 CMakeFiles/HomePowerBank.dir/C_/Users/Robert/.pico-sdk/sdk/2.1.0/src/rp2_common/pico_runtime_init/runtime_init.c.obj
                0x100015bc                runtime_init_post_clock_resets
 .text.runtime_init_rp2040_gpio_ie_disable
                0x100015dc       0x14 CMakeFiles/HomePowerBank.dir/C_/Users/Robert/.pico-sdk/sdk/2.1.0/src/rp2_common/pico_runtime_init/runtime_init.c.obj
                0x100015dc                runtime_init_rp2040_gpio_ie_disable
 .text.runtime_init_spin_locks_reset
                0x100015f0        0x8 CMakeFiles/HomePowerBank.dir/C_/Users/Robert/.pico-sdk/sdk/2.1.0/src/rp2_common/pico_runtime_init/runtime_init.c.obj
                0x100015f0                runtime_init_spin_locks_reset
 .text.runtime_init_install_ram_vector_table
                0x100015f8       0x1c CMakeFiles/HomePowerBank.dir/C_/Users/Robert/.pico-sdk/sdk/2.1.0/src/rp2_common/pico_runtime_init/runtime_init.c.obj
                0x100015f8                runtime_init_install_ram_vector_table
 .text.start_all_ticks
                0x10001614       0x28 CMakeFiles/HomePowerBank.dir/C_/Users/Robert/.pico-sdk/sdk/2.1.0/src/rp2_common/pico_runtime_init/runtime_init_clocks.c.obj
 .text.runtime_init_clocks
                0x1000163c       0xcc CMakeFiles/HomePowerBank.dir/C_/Users/Robert/.pico-sdk/sdk/2.1.0/src/rp2_common/pico_runtime_init/runtime_init_clocks.c.obj
                0x1000163c                runtime_init_clocks
 .text          0x10001708       0x10 CMakeFiles/HomePowerBank.dir/C_/Users/Robert/.pico-sdk/sdk/2.1.0/src/rp2_common/pico_bit_ops/bit_ops_aeabi.S.obj
 .text.__wrap___aeabi_idiv
                0x10001718       0x50 CMakeFiles/HomePowerBank.dir/C_/Users/Robert/.pico-sdk/sdk/2.1.0/src/rp2_common/pico_divider/divider_hardware.S.obj
                0x10001718                __wrap___aeabi_idivmod
                0x10001718                divmod_s32s32
                0x10001718                div_s32s32
                0x10001718                __wrap___aeabi_idiv
                0x10001720                divmod_s32s32_unsafe
                0x1000174c                divmod_s32s32_savestate
 .text.__wrap___aeabi_uidiv
                0x10001768       0x4c CMakeFiles/HomePowerBank.dir/C_/Users/Robert/.pico-sdk/sdk/2.1.0/src/rp2_common/pico_divider/divider_hardware.S.obj
                0x10001768                __wrap___aeabi_uidiv
                0x10001768                __wrap___aeabi_uidivmod
                0x10001768                div_u32u32
                0x10001768                divmod_u32u32
                0x10001770                divmod_u32u32_unsafe
                0x10001798                divmod_u32u32_savestate
 .text.__wrap___aeabi_ldiv
                0x100017b4      0x424 CMakeFiles/HomePowerBank.dir/C_/Users/Robert/.pico-sdk/sdk/2.1.0/src/rp2_common/pico_divider/divider_hardware.S.obj
                0x100017b4                div_s64s64
                0x100017b4                divmod_s64s64
                0x100017b4                __wrap___aeabi_ldivmod
                0x100017e4                divmod_u64u64
                0x100017e4                div_u64u64
                0x100017e4                __wrap___aeabi_uldivmod
                0x100017f4                divmod_u64u64_savestate
                0x10001814                divmod_s64s64_unsafe
                0x1000189c                divmod_u64u64_unsafe
 .text.__wrap___aeabi_darithmetic
                0x10001bd8       0x80 CMakeFiles/HomePowerBank.dir/C_/Users/Robert/.pico-sdk/sdk/2.1.0/src/rp2_common/pico_double/double_aeabi_rp2040.S.obj
                0x10001bd8                __wrap___aeabi_drsub
                0x10001bde                __wrap___aeabi_dsub
                0x10001bf0                __wrap___aeabi_dadd
                0x10001c02                __wrap___aeabi_ddiv
                0x10001c3e                __wrap___aeabi_dmul
 .text.__wrap___aeabi_cdcmple
                0x10001c58       0x6c CMakeFiles/HomePowerBank.dir/C_/Users/Robert/.pico-sdk/sdk/2.1.0/src/rp2_common/pico_double/double_aeabi_rp2040.S.obj
                0x10001c58                __wrap___aeabi_cdrcmple
                0x10001c68                __wrap___aeabi_cdcmpeq
                0x10001c68                __wrap___aeabi_cdcmple
 .text.__wrap___aeabi_dcmplt
                0x10001cc4        0xc CMakeFiles/HomePowerBank.dir/C_/Users/Robert/.pico-sdk/sdk/2.1.0/src/rp2_common/pico_double/double_aeabi_rp2040.S.obj
                0x10001cc4                __wrap___aeabi_dcmplt
 .text.__wrap___aeabi_dcmple
                0x10001cd0       0x10 CMakeFiles/HomePowerBank.dir/C_/Users/Robert/.pico-sdk/sdk/2.1.0/src/rp2_common/pico_double/double_aeabi_rp2040.S.obj
                0x10001cd0                __wrap___aeabi_dcmple
 .text.__wrap___aeabi_dcmpge
                0x10001ce0       0x10 CMakeFiles/HomePowerBank.dir/C_/Users/Robert/.pico-sdk/sdk/2.1.0/src/rp2_common/pico_double/double_aeabi_rp2040.S.obj
                0x10001ce0                __wrap___aeabi_dcmpge
 .text.__wrap___aeabi_dcmpgt
                0x10001cf0        0xa CMakeFiles/HomePowerBank.dir/C_/Users/Robert/.pico-sdk/sdk/2.1.0/src/rp2_common/pico_double/double_aeabi_rp2040.S.obj
                0x10001cf0                __wrap___aeabi_dcmpgt
 .text.__wrap___aeabi_dcmpun
                0x10001cfa       0x18 CMakeFiles/HomePowerBank.dir/C_/Users/Robert/.pico-sdk/sdk/2.1.0/src/rp2_common/pico_double/double_aeabi_rp2040.S.obj
                0x10001cfa                __wrap___aeabi_dcmpun
 *fill*         0x10001d12        0x2 
 .text.__wrap___aeabi_i2d
                0x10001d14       0x38 CMakeFiles/HomePowerBank.dir/C_/Users/Robert/.pico-sdk/sdk/2.1.0/src/rp2_common/pico_double/double_aeabi_rp2040.S.obj
                0x10001d14                __wrap___aeabi_ui2d
                0x10001d1c                __wrap___aeabi_i2d
 .text.__wrap___aeabi_d2iz
                0x10001d4c       0x48 CMakeFiles/HomePowerBank.dir/C_/Users/Robert/.pico-sdk/sdk/2.1.0/src/rp2_common/pico_double/double_aeabi_rp2040.S.obj
                0x10001d4c                double2int_z
                0x10001d4c                __wrap___aeabi_d2iz
 .text.__wrap___aeabi_d2uiz
                0x10001d94       0x18 CMakeFiles/HomePowerBank.dir/C_/Users/Robert/.pico-sdk/sdk/2.1.0/src/rp2_common/pico_double/double_aeabi_rp2040.S.obj
                0x10001d94                __wrap___aeabi_d2uiz
                0x10001d94                double2uint
 .text.__aeabi_double_init
                0x10001dac       0xc8 CMakeFiles/HomePowerBank.dir/C_/Users/Robert/.pico-sdk/sdk/2.1.0/src/rp2_common/pico_double/double_init_rom_rp2040.c.obj
                0x10001dac                __aeabi_double_init
 .text.double_table_shim_on_use_helper
                0x10001e74       0x34 CMakeFiles/HomePowerBank.dir/C_/Users/Robert/.pico-sdk/sdk/2.1.0/src/rp2_common/pico_double/double_v1_rom_shim_rp2040.S.obj
                0x10001e74                double_table_shim_on_use_helper
 .text.__wrap___aeabi_dsub
                0x10001ea8       0x10 CMakeFiles/HomePowerBank.dir/C_/Users/Robert/.pico-sdk/sdk/2.1.0/src/rp2_common/pico_double/double_v1_rom_shim_rp2040.S.obj
                0x10001ea8                drsub_shim
                0x10001eae                dsub_shim
 .text.dadd_shim
                0x10001eb8      0x15c CMakeFiles/HomePowerBank.dir/C_/Users/Robert/.pico-sdk/sdk/2.1.0/src/rp2_common/pico_double/double_v1_rom_shim_rp2040.S.obj
                0x10001eb8                dadd_shim
 .text.dmul_shim
                0x10002014      0x15c CMakeFiles/HomePowerBank.dir/C_/Users/Robert/.pico-sdk/sdk/2.1.0/src/rp2_common/pico_double/double_v1_rom_shim_rp2040.S.obj
                0x10002014                dmul_shim
 .text.ddiv_shim
                0x10002170      0x1b0 CMakeFiles/HomePowerBank.dir/C_/Users/Robert/.pico-sdk/sdk/2.1.0/src/rp2_common/pico_double/double_v1_rom_shim_rp2040.S.obj
                0x10002170                ddiv_shim
 .text.double2uint_shim
                0x10002320        0xe CMakeFiles/HomePowerBank.dir/C_/Users/Robert/.pico-sdk/sdk/2.1.0/src/rp2_common/pico_double/double_v1_rom_shim_rp2040.S.obj
                0x10002320                double2uint_shim
                0x10002322                double2ufix_shim
 *fill*         0x1000232e        0x2 
 .text.double2uint64_shim
                0x10002330       0x70 CMakeFiles/HomePowerBank.dir/C_/Users/Robert/.pico-sdk/sdk/2.1.0/src/rp2_common/pico_double/double_v1_rom_shim_rp2040.S.obj
                0x10002330                double2uint64_shim
                0x10002332                double2ufix64_shim
                0x10002352                d2fix_a
 .text.dunpacks
                0x100023a0       0x3c CMakeFiles/HomePowerBank.dir/C_/Users/Robert/.pico-sdk/sdk/2.1.0/src/rp2_common/pico_double/double_v1_rom_shim_rp2040.S.obj
                0x100023a0                dunpacks
 .text.__aeabi_lmul
                0x100023dc       0x32 CMakeFiles/HomePowerBank.dir/C_/Users/Robert/.pico-sdk/sdk/2.1.0/src/rp2_common/pico_int64_ops/pico_int64_ops_aeabi.S.obj
                0x100023dc                __wrap___aeabi_lmul
 *fill*         0x1000240e        0x2 
 .text.__aeabi_float_init
                0x10002410       0xfc CMakeFiles/HomePowerBank.dir/C_/Users/Robert/.pico-sdk/sdk/2.1.0/src/rp2_common/pico_float/float_init_rom_rp2040.c.obj
                0x10002410                __aeabi_float_init
 .text.float_table_shim_on_use_helper
                0x1000250c       0x34 CMakeFiles/HomePowerBank.dir/C_/Users/Robert/.pico-sdk/sdk/2.1.0/src/rp2_common/pico_float/float_v1_rom_shim_rp2040.S.obj
                0x1000250c                float_table_shim_on_use_helper
 .text          0x10002540       0x10 CMakeFiles/HomePowerBank.dir/C_/Users/Robert/.pico-sdk/sdk/2.1.0/src/rp2_common/pico_mem_ops/mem_ops_aeabi.S.obj
                0x10002540                __aeabi_mem_init
 .text.memcpy   0x10002550        0xc CMakeFiles/HomePowerBank.dir/C_/Users/Robert/.pico-sdk/sdk/2.1.0/src/rp2_common/pico_mem_ops/mem_ops_aeabi.S.obj
                0x10002550                __wrap_memcpy
                0x10002550                __wrap___aeabi_memcpy
 .text._out_null
                0x1000255c        0x2 CMakeFiles/HomePowerBank.dir/C_/Users/Robert/.pico-sdk/sdk/2.1.0/src/rp2_common/pico_printf/printf.c.obj
 .text._out_fct
                0x1000255e        0xe CMakeFiles/HomePowerBank.dir/C_/Users/Robert/.pico-sdk/sdk/2.1.0/src/rp2_common/pico_printf/printf.c.obj
 .text._atoi    0x1000256c       0x24 CMakeFiles/HomePowerBank.dir/C_/Users/Robert/.pico-sdk/sdk/2.1.0/src/rp2_common/pico_printf/printf.c.obj
 .text._out_rev
                0x10002590       0xae CMakeFiles/HomePowerBank.dir/C_/Users/Robert/.pico-sdk/sdk/2.1.0/src/rp2_common/pico_printf/printf.c.obj
 .text._ntoa_format
                0x1000263e      0x112 CMakeFiles/HomePowerBank.dir/C_/Users/Robert/.pico-sdk/sdk/2.1.0/src/rp2_common/pico_printf/printf.c.obj
 .text._ntoa_long
                0x10002750       0xbc CMakeFiles/HomePowerBank.dir/C_/Users/Robert/.pico-sdk/sdk/2.1.0/src/rp2_common/pico_printf/printf.c.obj
 .text._ntoa_long_long
                0x1000280c       0xe2 CMakeFiles/HomePowerBank.dir/C_/Users/Robert/.pico-sdk/sdk/2.1.0/src/rp2_common/pico_printf/printf.c.obj
 *fill*         0x100028ee        0x2 
 .text._etoa    0x100028f0      0x414 CMakeFiles/HomePowerBank.dir/C_/Users/Robert/.pico-sdk/sdk/2.1.0/src/rp2_common/pico_printf/printf.c.obj
 .text._ftoa    0x10002d04      0x354 CMakeFiles/HomePowerBank.dir/C_/Users/Robert/.pico-sdk/sdk/2.1.0/src/rp2_common/pico_printf/printf.c.obj
 .text._vsnprintf
                0x10003058      0x624 CMakeFiles/HomePowerBank.dir/C_/Users/Robert/.pico-sdk/sdk/2.1.0/src/rp2_common/pico_printf/printf.c.obj
 .text.vfctprintf
                0x1000367c       0x20 CMakeFiles/HomePowerBank.dir/C_/Users/Robert/.pico-sdk/sdk/2.1.0/src/rp2_common/pico_printf/printf.c.obj
                0x1000367c                vfctprintf
 .text._exit    0x1000369c        0x4 CMakeFiles/HomePowerBank.dir/C_/Users/Robert/.pico-sdk/sdk/2.1.0/src/rp2_common/pico_clib_interface/newlib_interface.c.obj
                0x1000369c                _exit
 .text.exit     0x100036a0        0x6 CMakeFiles/HomePowerBank.dir/C_/Users/Robert/.pico-sdk/sdk/2.1.0/src/rp2_common/pico_clib_interface/newlib_interface.c.obj
                0x100036a0                exit
 *fill*         0x100036a6        0x2 
 .text.__assert_func
                0x100036a8       0x3c CMakeFiles/HomePowerBank.dir/C_/Users/Robert/.pico-sdk/sdk/2.1.0/src/rp2_common/pico_clib_interface/newlib_interface.c.obj
                0x100036a8                __assert_func
 .text.runtime_init
                0x100036e4       0x28 CMakeFiles/HomePowerBank.dir/C_/Users/Robert/.pico-sdk/sdk/2.1.0/src/rp2_common/pico_clib_interface/newlib_interface.c.obj
                0x100036e4                runtime_init
 .text.stdio_out_chars_no_crlf
                0x1000370c        0xe CMakeFiles/HomePowerBank.dir/C_/Users/Robert/.pico-sdk/sdk/2.1.0/src/rp2_common/pico_stdio/stdio.c.obj
 *fill*         0x1000371a        0x2 
 .text.stdio_out_chars_crlf
                0x1000371c       0x80 CMakeFiles/HomePowerBank.dir/C_/Users/Robert/.pico-sdk/sdk/2.1.0/src/rp2_common/pico_stdio/stdio.c.obj
 .text.stdio_stack_buffer_flush
                0x1000379c       0x44 CMakeFiles/HomePowerBank.dir/C_/Users/Robert/.pico-sdk/sdk/2.1.0/src/rp2_common/pico_stdio/stdio.c.obj
 .text.stdio_buffered_printer
                0x100037e0       0x20 CMakeFiles/HomePowerBank.dir/C_/Users/Robert/.pico-sdk/sdk/2.1.0/src/rp2_common/pico_stdio/stdio.c.obj
 .text.stdout_serialize_begin
                0x10003800       0x30 CMakeFiles/HomePowerBank.dir/C_/Users/Robert/.pico-sdk/sdk/2.1.0/src/rp2_common/pico_stdio/stdio.c.obj
                0x10003800                stdout_serialize_begin
 .text.stdout_serialize_end
                0x10003830       0x10 CMakeFiles/HomePowerBank.dir/C_/Users/Robert/.pico-sdk/sdk/2.1.0/src/rp2_common/pico_stdio/stdio.c.obj
                0x10003830                stdout_serialize_end
 .text.stdio_put_string
                0x10003840       0x94 CMakeFiles/HomePowerBank.dir/C_/Users/Robert/.pico-sdk/sdk/2.1.0/src/rp2_common/pico_stdio/stdio.c.obj
                0x10003840                stdio_put_string
 .text.stdio_flush
                0x100038d4       0x20 CMakeFiles/HomePowerBank.dir/C_/Users/Robert/.pico-sdk/sdk/2.1.0/src/rp2_common/pico_stdio/stdio.c.obj
                0x100038d4                stdio_flush
 .text.stdio_init_all
                0x100038f4        0x4 CMakeFiles/HomePowerBank.dir/C_/Users/Robert/.pico-sdk/sdk/2.1.0/src/rp2_common/pico_stdio/stdio.c.obj
                0x100038f4                stdio_init_all
 .text.__wrap_puts
                0x100038f8       0x1e CMakeFiles/HomePowerBank.dir/C_/Users/Robert/.pico-sdk/sdk/2.1.0/src/rp2_common/pico_stdio/stdio.c.obj
                0x100038f8                stdio_puts
                0x100038f8                __wrap_puts
 *fill*         0x10003916        0x2 
 .text.__wrap_vprintf
                0x10003918       0x40 CMakeFiles/HomePowerBank.dir/C_/Users/Robert/.pico-sdk/sdk/2.1.0/src/rp2_common/pico_stdio/stdio.c.obj
                0x10003918                stdio_vprintf
                0x10003918                __wrap_vprintf
 .text.__wrap_printf
                0x10003958       0x18 CMakeFiles/HomePowerBank.dir/C_/Users/Robert/.pico-sdk/sdk/2.1.0/src/rp2_common/pico_stdio/stdio.c.obj
                0x10003958                __wrap_printf
                0x10003958                stdio_printf
 .text.spi_set_baudrate
                0x10003970       0xb4 CMakeFiles/HomePowerBank.dir/C_/Users/Robert/.pico-sdk/sdk/2.1.0/src/rp2_common/hardware_spi/spi.c.obj
                0x10003970                spi_set_baudrate
 .text.spi_init
                0x10003a24       0x8c CMakeFiles/HomePowerBank.dir/C_/Users/Robert/.pico-sdk/sdk/2.1.0/src/rp2_common/hardware_spi/spi.c.obj
                0x10003a24                spi_init
 .text.i2c_set_baudrate
                0x10003ab0       0xf0 CMakeFiles/HomePowerBank.dir/C_/Users/Robert/.pico-sdk/sdk/2.1.0/src/rp2_common/hardware_i2c/i2c.c.obj
                0x10003ab0                i2c_set_baudrate
 .text.i2c_init
                0x10003ba0       0x6c CMakeFiles/HomePowerBank.dir/C_/Users/Robert/.pico-sdk/sdk/2.1.0/src/rp2_common/hardware_i2c/i2c.c.obj
                0x10003ba0                i2c_init
 .text.dma_claim_unused_channel
                0x10003c0c       0x20 CMakeFiles/HomePowerBank.dir/C_/Users/Robert/.pico-sdk/sdk/2.1.0/src/rp2_common/hardware_dma/dma.c.obj
                0x10003c0c                dma_claim_unused_channel
 .text.strlen   0x10003c2c       0x5c c:/progra~1/raspbe~1/picosd~1.1/gcc-ar~1/bin/../lib/gcc/arm-none-eabi/10.3.1/../../../../arm-none-eabi/lib/thumb/v6-m/nofp\libg.a(lib_a-strlen-stub.o)
                0x10003c2c                strlen
 *(.fini)
 .fini          0x10003c88        0x4 c:/progra~1/raspbe~1/picosd~1.1/gcc-ar~1/bin/../lib/gcc/arm-none-eabi/10.3.1/thumb/v6-m/nofp/crti.o
                0x10003c88                _fini
 *fill*         0x10003c8c        0x4 
 .fini.__stub   0x10003c90       0x40 linker stubs
 *crtbegin.o(.ctors)
 *crtbegin?.o(.ctors)
 *(EXCLUDE_FILE(*crtend.o *crtend?.o) .ctors)
 *(SORT_BY_NAME(.ctors.*))
 *(.ctors)
 *crtbegin.o(.dtors)
 *crtbegin?.o(.dtors)
 *(EXCLUDE_FILE(*crtend.o *crtend?.o) .dtors)
 *(SORT_BY_NAME(.dtors.*))
 *(.dtors)
                0x10003cd0                . = ALIGN (0x4)
                0x10003cd0                PROVIDE (__preinit_array_start = .)
 *(SORT_BY_NAME(.preinit_array.*))
 .preinit_array.00100
                0x10003cd0        0x4 CMakeFiles/HomePowerBank.dir/C_/Users/Robert/.pico-sdk/sdk/2.1.0/src/rp2_common/pico_runtime_init/runtime_init.c.obj
                0x10003cd0                __pre_init_runtime_init_early_resets
 .preinit_array.00101
                0x10003cd4        0x4 CMakeFiles/HomePowerBank.dir/C_/Users/Robert/.pico-sdk/sdk/2.1.0/src/rp2_common/pico_runtime_init/runtime_init.c.obj
                0x10003cd4                __pre_init_runtime_init_usb_power_down
 .preinit_array.00275
                0x10003cd8        0x4 CMakeFiles/HomePowerBank.dir/C_/Users/Robert/.pico-sdk/sdk/2.1.0/src/rp2_common/pico_bit_ops/bit_ops_aeabi.S.obj
 .preinit_array.00300
                0x10003cdc        0x4 CMakeFiles/HomePowerBank.dir/C_/Users/Robert/.pico-sdk/sdk/2.1.0/src/rp2_common/pico_mem_ops/mem_ops_aeabi.S.obj
 .preinit_array.00350
                0x10003ce0        0x4 CMakeFiles/HomePowerBank.dir/C_/Users/Robert/.pico-sdk/sdk/2.1.0/src/rp2_common/pico_double/double_aeabi_rp2040.S.obj
 .preinit_array.00350
                0x10003ce4        0x4 CMakeFiles/HomePowerBank.dir/C_/Users/Robert/.pico-sdk/sdk/2.1.0/src/rp2_common/pico_float/float_aeabi_rp2040.S.obj
 .preinit_array.00500
                0x10003ce8        0x4 CMakeFiles/HomePowerBank.dir/C_/Users/Robert/.pico-sdk/sdk/2.1.0/src/rp2_common/pico_runtime_init/runtime_init.c.obj
                0x10003ce8                __pre_init_runtime_init_clocks
 .preinit_array.00600
                0x10003cec        0x4 CMakeFiles/HomePowerBank.dir/C_/Users/Robert/.pico-sdk/sdk/2.1.0/src/rp2_common/pico_runtime_init/runtime_init.c.obj
                0x10003cec                __pre_init_runtime_init_post_clock_resets
 .preinit_array.00700
                0x10003cf0        0x4 CMakeFiles/HomePowerBank.dir/C_/Users/Robert/.pico-sdk/sdk/2.1.0/src/rp2_common/pico_runtime_init/runtime_init.c.obj
                0x10003cf0                __pre_init_runtime_init_rp2040_gpio_ie_disable
 .preinit_array.01000
                0x10003cf4        0x4 CMakeFiles/HomePowerBank.dir/C_/Users/Robert/.pico-sdk/sdk/2.1.0/src/rp2_common/pico_runtime_init/runtime_init.c.obj
                0x10003cf4                __pre_init_runtime_init_spin_locks_reset
 .preinit_array.01100
                0x10003cf8        0x4 CMakeFiles/HomePowerBank.dir/C_/Users/Robert/.pico-sdk/sdk/2.1.0/src/common/pico_sync/mutex.c.obj
                0x10003cf8                __pre_init_runtime_init_mutex
 .preinit_array.10080
                0x10003cfc        0x4 CMakeFiles/HomePowerBank.dir/C_/Users/Robert/.pico-sdk/sdk/2.1.0/src/rp2_common/pico_runtime_init/runtime_init.c.obj
                0x10003cfc                __pre_init_runtime_init_install_ram_vector_table
 .preinit_array.11000
                0x10003d00        0x4 CMakeFiles/HomePowerBank.dir/C_/Users/Robert/.pico-sdk/sdk/2.1.0/src/common/pico_time/time.c.obj
                0x10003d00                __pre_init_runtime_init_default_alarm_pool
 .preinit_array.YYYYY
                0x10003d04        0x4 CMakeFiles/HomePowerBank.dir/C_/Users/Robert/.pico-sdk/sdk/2.1.0/src/rp2_common/pico_runtime/runtime.c.obj
                0x10003d04                __pre_init_first_per_core_initializer
 .preinit_array.ZZZZZ.01200
                0x10003d08        0x4 CMakeFiles/HomePowerBank.dir/C_/Users/Robert/.pico-sdk/sdk/2.1.0/src/rp2_common/hardware_irq/irq.c.obj
                0x10003d08                __pre_init_runtime_init_per_core_irq_priorities
 *(.preinit_array)
                0x10003d0c                PROVIDE (__preinit_array_end = .)
                0x10003d0c                . = ALIGN (0x4)
                0x10003d0c                PROVIDE (__init_array_start = .)
 *(SORT_BY_NAME(.init_array.*))
 *(.init_array)
 .init_array    0x10003d0c        0x4 c:/progra~1/raspbe~1/picosd~1.1/gcc-ar~1/bin/../lib/gcc/arm-none-eabi/10.3.1/thumb/v6-m/nofp/crtbegin.o
                0x10003d10                PROVIDE (__init_array_end = .)
                0x10003d10                . = ALIGN (0x4)
                [!provide]                PROVIDE (__fini_array_start = .)
 *(SORT_BY_NAME(.fini_array.*))
 *(.fini_array)
                [!provide]                PROVIDE (__fini_array_end = .)
 *(.eh_frame*)
 .eh_frame      0x10003d10        0x0 c:/progra~1/raspbe~1/picosd~1.1/gcc-ar~1/bin/../lib/gcc/arm-none-eabi/10.3.1/thumb/v6-m/nofp/crtbegin.o
                0x10003d10                . = ALIGN (0x4)

.glue_7         0x10003d10        0x0
 .glue_7        0x10003d10        0x0 linker stubs

.glue_7t        0x10003d10        0x0
 .glue_7t       0x10003d10        0x0 linker stubs

.vfp11_veneer   0x10003d10        0x0
 .vfp11_veneer  0x10003d10        0x0 linker stubs

.v4_bx          0x10003d10        0x0
 .v4_bx         0x10003d10        0x0 linker stubs

.iplt           0x10003d10        0x0
 .iplt          0x10003d10        0x0 c:/progra~1/raspbe~1/picosd~1.1/gcc-ar~1/bin/../lib/gcc/arm-none-eabi/10.3.1/thumb/v6-m/nofp/crtbegin.o

.rodata         0x10003d10      0xa38
 *(EXCLUDE_FILE(*libm.a: *libc.a:*lib_a-mem*.o *libgcc.a:) .rodata*)
 .rodata.main.str1.4
                0x10003d10       0xae CMakeFiles/HomePowerBank.dir/HomePowerBank.c.obj
 *fill*         0x10003dbe        0x2 
 .rodata.__func__.2
                0x10003dc0       0x1c CMakeFiles/HomePowerBank.dir/HomePowerBank.c.obj
 .rodata.src    0x10003ddc       0x19 CMakeFiles/HomePowerBank.dir/HomePowerBank.c.obj
                0x10003ddc                src
 *fill*         0x10003df5        0x3 
 .rodata.panic.str1.4
                0x10003df8       0x12 CMakeFiles/HomePowerBank.dir/C_/Users/Robert/.pico-sdk/sdk/2.1.0/src/rp2_common/pico_platform_panic/panic.c.obj
 *fill*         0x10003e0a        0x2 
 .rodata.make_j_16.str1.4
                0x10003e0c       0x76 CMakeFiles/HomePowerBank.dir/C_/Users/Robert/.pico-sdk/sdk/2.1.0/src/rp2_common/hardware_irq/irq.c.obj
 *fill*         0x10003e82        0x2 
 .rodata.irq_set_exclusive_handler.str1.4
                0x10003e84       0x36 CMakeFiles/HomePowerBank.dir/C_/Users/Robert/.pico-sdk/sdk/2.1.0/src/rp2_common/hardware_irq/irq.c.obj
 *fill*         0x10003eba        0x2 
 .rodata.__func__.6
                0x10003ebc       0x1a CMakeFiles/HomePowerBank.dir/C_/Users/Robert/.pico-sdk/sdk/2.1.0/src/rp2_common/hardware_irq/irq.c.obj
 *fill*         0x10003ed6        0x2 
 .rodata.runtime_init_mutex.str1.4
                0x10003ed8       0x61 CMakeFiles/HomePowerBank.dir/C_/Users/Robert/.pico-sdk/sdk/2.1.0/src/common/pico_sync/mutex.c.obj
 *fill*         0x10003f39        0x3 
 .rodata.str1.4
                0x10003f3c       0x51 CMakeFiles/HomePowerBank.dir/C_/Users/Robert/.pico-sdk/sdk/2.1.0/src/common/pico_sync/mutex.c.obj
 *fill*         0x10003f8d        0x3 
 .rodata.__func__.1
                0x10003f90        0xb CMakeFiles/HomePowerBank.dir/C_/Users/Robert/.pico-sdk/sdk/2.1.0/src/common/pico_sync/mutex.c.obj
 *fill*         0x10003f9b        0x1 
 .rodata.__func__.3
                0x10003f9c       0x18 CMakeFiles/HomePowerBank.dir/C_/Users/Robert/.pico-sdk/sdk/2.1.0/src/common/pico_sync/mutex.c.obj
 .rodata.__func__.6
                0x10003fb4       0x13 CMakeFiles/HomePowerBank.dir/C_/Users/Robert/.pico-sdk/sdk/2.1.0/src/common/pico_sync/mutex.c.obj
 *fill*         0x10003fc7        0x1 
 .rodata.alarm_pool_irq_handler.str1.4
                0x10003fc8       0x6c CMakeFiles/HomePowerBank.dir/C_/Users/Robert/.pico-sdk/sdk/2.1.0/src/common/pico_time/time.c.obj
 .rodata.alarm_pool_get_default.str1.4
                0x10004034       0x21 CMakeFiles/HomePowerBank.dir/C_/Users/Robert/.pico-sdk/sdk/2.1.0/src/common/pico_time/time.c.obj
 *fill*         0x10004055        0x3 
 .rodata.sleep_until.str1.4
                0x10004058       0x4d CMakeFiles/HomePowerBank.dir/C_/Users/Robert/.pico-sdk/sdk/2.1.0/src/common/pico_time/time.c.obj
 *fill*         0x100040a5        0x3 
 .rodata.__func__.1
                0x100040a8       0x17 CMakeFiles/HomePowerBank.dir/C_/Users/Robert/.pico-sdk/sdk/2.1.0/src/common/pico_time/time.c.obj
 *fill*         0x100040bf        0x1 
 .rodata.__func__.2
                0x100040c0       0x17 CMakeFiles/HomePowerBank.dir/C_/Users/Robert/.pico-sdk/sdk/2.1.0/src/common/pico_time/time.c.obj
 *fill*         0x100040d7        0x1 
 .rodata.timer_hardware_alarm_claim.str1.4
                0x100040d8       0x22 CMakeFiles/HomePowerBank.dir/C_/Users/Robert/.pico-sdk/sdk/2.1.0/src/rp2_common/hardware_timer/timer.c.obj
 *fill*         0x100040fa        0x2 
 .rodata.pll_init.str1.4
                0x100040fc      0x11c CMakeFiles/HomePowerBank.dir/C_/Users/Robert/.pico-sdk/sdk/2.1.0/src/rp2_common/hardware_pll/pll.c.obj
 .rodata.__func__.0
                0x10004218        0x9 CMakeFiles/HomePowerBank.dir/C_/Users/Robert/.pico-sdk/sdk/2.1.0/src/rp2_common/hardware_pll/pll.c.obj
 *fill*         0x10004221        0x3 
 .rodata.__aeabi_double_init.str1.4
                0x10004224       0x9c CMakeFiles/HomePowerBank.dir/C_/Users/Robert/.pico-sdk/sdk/2.1.0/src/rp2_common/pico_double/double_init_rom_rp2040.c.obj
 .rodata.__func__.0
                0x100042c0       0x14 CMakeFiles/HomePowerBank.dir/C_/Users/Robert/.pico-sdk/sdk/2.1.0/src/rp2_common/pico_double/double_init_rom_rp2040.c.obj
 .rodata.__aeabi_float_init.str1.4
                0x100042d4       0x8a CMakeFiles/HomePowerBank.dir/C_/Users/Robert/.pico-sdk/sdk/2.1.0/src/rp2_common/pico_float/float_init_rom_rp2040.c.obj
                                 0x8e (size before relaxing)
 *fill*         0x1000435e        0x2 
 .rodata.__func__.0
                0x10004360       0x13 CMakeFiles/HomePowerBank.dir/C_/Users/Robert/.pico-sdk/sdk/2.1.0/src/rp2_common/pico_float/float_init_rom_rp2040.c.obj
 *fill*         0x10004373        0x1 
 .rodata.str1.4
                0x10004374       0x48 CMakeFiles/HomePowerBank.dir/C_/Users/Robert/.pico-sdk/sdk/2.1.0/src/rp2_common/pico_standard_binary_info/standard_binary_info.c.obj
 .rodata.__bi_26
                0x100043bc        0xc CMakeFiles/HomePowerBank.dir/C_/Users/Robert/.pico-sdk/sdk/2.1.0/src/rp2_common/pico_standard_binary_info/standard_binary_info.c.obj
 .rodata.__bi_34
                0x100043c8        0xc CMakeFiles/HomePowerBank.dir/C_/Users/Robert/.pico-sdk/sdk/2.1.0/src/rp2_common/pico_standard_binary_info/standard_binary_info.c.obj
 .rodata.__bi_42
                0x100043d4        0xc CMakeFiles/HomePowerBank.dir/C_/Users/Robert/.pico-sdk/sdk/2.1.0/src/rp2_common/pico_standard_binary_info/standard_binary_info.c.obj
 .rodata.__bi_48
                0x100043e0        0xc CMakeFiles/HomePowerBank.dir/C_/Users/Robert/.pico-sdk/sdk/2.1.0/src/rp2_common/pico_standard_binary_info/standard_binary_info.c.obj
 .rodata.__bi_54
                0x100043ec        0xc CMakeFiles/HomePowerBank.dir/C_/Users/Robert/.pico-sdk/sdk/2.1.0/src/rp2_common/pico_standard_binary_info/standard_binary_info.c.obj
 .rodata.__bi_60
                0x100043f8        0xc CMakeFiles/HomePowerBank.dir/C_/Users/Robert/.pico-sdk/sdk/2.1.0/src/rp2_common/pico_standard_binary_info/standard_binary_info.c.obj
 .rodata.__bi_78
                0x10004404        0xc CMakeFiles/HomePowerBank.dir/C_/Users/Robert/.pico-sdk/sdk/2.1.0/src/rp2_common/pico_standard_binary_info/standard_binary_info.c.obj
 .rodata.__bi_84
                0x10004410        0xc CMakeFiles/HomePowerBank.dir/C_/Users/Robert/.pico-sdk/sdk/2.1.0/src/rp2_common/pico_standard_binary_info/standard_binary_info.c.obj
 .rodata._ftoa.str1.4
                0x1000441c       0x15 CMakeFiles/HomePowerBank.dir/C_/Users/Robert/.pico-sdk/sdk/2.1.0/src/rp2_common/pico_printf/printf.c.obj
 *fill*         0x10004431        0x3 
 .rodata._vsnprintf
                0x10004434      0x1e0 CMakeFiles/HomePowerBank.dir/C_/Users/Robert/.pico-sdk/sdk/2.1.0/src/rp2_common/pico_printf/printf.c.obj
 *fill*         0x10004614        0x4 
 .rodata.pow10.0
                0x10004618       0x50 CMakeFiles/HomePowerBank.dir/C_/Users/Robert/.pico-sdk/sdk/2.1.0/src/rp2_common/pico_printf/printf.c.obj
 .rodata.__assert_func.str1.4
                0x10004668       0x3f CMakeFiles/HomePowerBank.dir/C_/Users/Robert/.pico-sdk/sdk/2.1.0/src/rp2_common/pico_clib_interface/newlib_interface.c.obj
                                 0x43 (size before relaxing)
 *fill*         0x100046a7        0x1 
 .rodata.crlf_str.0
                0x100046a8        0x2 CMakeFiles/HomePowerBank.dir/C_/Users/Robert/.pico-sdk/sdk/2.1.0/src/rp2_common/pico_stdio/stdio.c.obj
 *fill*         0x100046aa        0x2 
 .rodata.i2c_set_baudrate.str1.4
                0x100046ac       0x66 CMakeFiles/HomePowerBank.dir/C_/Users/Robert/.pico-sdk/sdk/2.1.0/src/rp2_common/hardware_i2c/i2c.c.obj
 *fill*         0x10004712        0x2 
 .rodata.__func__.0
                0x10004714       0x11 CMakeFiles/HomePowerBank.dir/C_/Users/Robert/.pico-sdk/sdk/2.1.0/src/rp2_common/hardware_i2c/i2c.c.obj
 *fill*         0x10004725        0x3 
 .rodata.dma_claim_unused_channel.str1.4
                0x10004728       0x1e CMakeFiles/HomePowerBank.dir/C_/Users/Robert/.pico-sdk/sdk/2.1.0/src/rp2_common/hardware_dma/dma.c.obj
                0x10004748                . = ALIGN (0x4)
 *fill*         0x10004746        0x2 
 *(SORT_BY_ALIGNMENT(SORT_BY_NAME(.flashdata*)))
                0x10004748                . = ALIGN (0x4)

.ARM.extab
 *(.ARM.extab* .gnu.linkonce.armextab.*)
                0x10004748                __exidx_start = .

.ARM.exidx
 *(.ARM.exidx* .gnu.linkonce.armexidx.*)
                0x10004748                __exidx_end = .
                0x10004748                . = ALIGN (0x4)
                0x10004748                __binary_info_start = .

.binary_info    0x10004748       0x20
 *(.binary_info.keep.*)
 .binary_info.keep.__bi_ptr26
                0x10004748        0x4 CMakeFiles/HomePowerBank.dir/C_/Users/Robert/.pico-sdk/sdk/2.1.0/src/rp2_common/pico_standard_binary_info/standard_binary_info.c.obj
 .binary_info.keep.__bi_ptr34
                0x1000474c        0x4 CMakeFiles/HomePowerBank.dir/C_/Users/Robert/.pico-sdk/sdk/2.1.0/src/rp2_common/pico_standard_binary_info/standard_binary_info.c.obj
 .binary_info.keep.__bi_ptr42
                0x10004750        0x4 CMakeFiles/HomePowerBank.dir/C_/Users/Robert/.pico-sdk/sdk/2.1.0/src/rp2_common/pico_standard_binary_info/standard_binary_info.c.obj
 .binary_info.keep.__bi_ptr48
                0x10004754        0x4 CMakeFiles/HomePowerBank.dir/C_/Users/Robert/.pico-sdk/sdk/2.1.0/src/rp2_common/pico_standard_binary_info/standard_binary_info.c.obj
 .binary_info.keep.__bi_ptr54
                0x10004758        0x4 CMakeFiles/HomePowerBank.dir/C_/Users/Robert/.pico-sdk/sdk/2.1.0/src/rp2_common/pico_standard_binary_info/standard_binary_info.c.obj
 .binary_info.keep.__bi_ptr60
                0x1000475c        0x4 CMakeFiles/HomePowerBank.dir/C_/Users/Robert/.pico-sdk/sdk/2.1.0/src/rp2_common/pico_standard_binary_info/standard_binary_info.c.obj
 .binary_info.keep.__bi_ptr78
                0x10004760        0x4 CMakeFiles/HomePowerBank.dir/C_/Users/Robert/.pico-sdk/sdk/2.1.0/src/rp2_common/pico_standard_binary_info/standard_binary_info.c.obj
 .binary_info.keep.__bi_ptr84
                0x10004764        0x4 CMakeFiles/HomePowerBank.dir/C_/Users/Robert/.pico-sdk/sdk/2.1.0/src/rp2_common/pico_standard_binary_info/standard_binary_info.c.obj
 *(.binary_info.*)
                0x10004768                __binary_info_end = .

.rel.dyn        0x10004768        0x0
 .rel.iplt      0x10004768        0x0 c:/progra~1/raspbe~1/picosd~1.1/gcc-ar~1/bin/../lib/gcc/arm-none-eabi/10.3.1/thumb/v6-m/nofp/crtbegin.o
                0x10004768                . = ALIGN (0x4)

.ram_vector_table
                0x20000000       0xc0
 *(.ram_vector_table)
 .ram_vector_table
                0x20000000       0xc0 CMakeFiles/HomePowerBank.dir/C_/Users/Robert/.pico-sdk/sdk/2.1.0/src/rp2_common/pico_runtime_init/runtime_init.c.obj
                0x20000000                ram_vector_table

.uninitialized_data
                0x200000c0        0x0
                0x200000c0                . = ALIGN (0x4)
 *(.uninitialized_data*)

.data           0x200000c0      0x1d0 load address 0x10004768
                0x200000c0                __data_start__ = .
 *(vtable)
 *(.time_critical*)
 .time_critical.mutex_try_enter
                0x200000c0       0x46 CMakeFiles/HomePowerBank.dir/C_/Users/Robert/.pico-sdk/sdk/2.1.0/src/common/pico_sync/mutex.c.obj
                0x200000c0                mutex_try_enter
 *fill*         0x20000106        0x2 
 .time_critical.mutex_enter_block_until
                0x20000108       0x8c CMakeFiles/HomePowerBank.dir/C_/Users/Robert/.pico-sdk/sdk/2.1.0/src/common/pico_sync/mutex.c.obj
                0x20000108                mutex_enter_block_until
 .time_critical.mutex_try_enter_block_until
                0x20000194       0x34 CMakeFiles/HomePowerBank.dir/C_/Users/Robert/.pico-sdk/sdk/2.1.0/src/common/pico_sync/mutex.c.obj
                0x20000194                mutex_try_enter_block_until
 .time_critical.mutex_exit
                0x200001c8       0x4c CMakeFiles/HomePowerBank.dir/C_/Users/Robert/.pico-sdk/sdk/2.1.0/src/common/pico_sync/mutex.c.obj
                0x200001c8                mutex_exit
 *(.text*)
 .text          0x20000214        0x4 c:/progra~1/raspbe~1/picosd~1.1/gcc-ar~1/bin/../lib/gcc/arm-none-eabi/10.3.1/thumb/v6-m/nofp\libgcc.a(_dvmd_tls.o)
                0x20000214                __aeabi_idiv0
                0x20000214                __aeabi_ldiv0
 .text.__stub   0x20000218       0x20 linker stubs
                0x20000238                . = ALIGN (0x4)
 *(.rodata*)
                0x20000238                . = ALIGN (0x4)
 *(.data*)
 .data.striped_spin_lock_num
                0x20000238        0x1 CMakeFiles/HomePowerBank.dir/C_/Users/Robert/.pico-sdk/sdk/2.1.0/src/rp2_common/hardware_sync/sync.c.obj
 *fill*         0x20000239        0x3 
 .data.default_alarm_pool
                0x2000023c       0x18 CMakeFiles/HomePowerBank.dir/C_/Users/Robert/.pico-sdk/sdk/2.1.0/src/common/pico_time/time.c.obj
 *fill*         0x20000254        0xc 
 .data.aeabi_bits_funcs
                0x20000260       0x10 CMakeFiles/HomePowerBank.dir/C_/Users/Robert/.pico-sdk/sdk/2.1.0/src/rp2_common/pico_bit_ops/bit_ops_aeabi.S.obj
                0x20000260                aeabi_bits_funcs
                0x20000270                aeabi_bits_funcs_end
 .data.aeabi_mem_funcs
                0x20000270       0x10 CMakeFiles/HomePowerBank.dir/C_/Users/Robert/.pico-sdk/sdk/2.1.0/src/rp2_common/pico_mem_ops/mem_ops_aeabi.S.obj
                0x20000270                aeabi_mem_funcs
                0x20000280                aeabi_mem_funcs_end
 .data.i2c0_inst
                0x20000280        0x8 CMakeFiles/HomePowerBank.dir/C_/Users/Robert/.pico-sdk/sdk/2.1.0/src/rp2_common/hardware_i2c/i2c.c.obj
                0x20000280                i2c0_inst
                0x20000288                . = ALIGN (0x4)
 *(.after_data.*)
                0x20000288                . = ALIGN (0x4)
                0x20000288                PROVIDE (__mutex_array_start = .)
 *(SORT_BY_NAME(.mutex_array.*))
 *(.mutex_array)
 .mutex_array   0x20000288        0x8 CMakeFiles/HomePowerBank.dir/C_/Users/Robert/.pico-sdk/sdk/2.1.0/src/rp2_common/pico_stdio/stdio.c.obj
                0x20000290                PROVIDE (__mutex_array_end = .)
                0x20000290                . = ALIGN (0x4)
 *(.jcr)
                0x20000290                . = ALIGN (0x4)

.igot.plt       0x20000290        0x0 load address 0x10004938
 .igot.plt      0x20000290        0x0 c:/progra~1/raspbe~1/picosd~1.1/gcc-ar~1/bin/../lib/gcc/arm-none-eabi/10.3.1/thumb/v6-m/nofp/crtbegin.o

.tdata          0x20000290        0x0 load address 0x10004938
                0x20000290                . = ALIGN (0x4)
 *(.tdata .tdata.* .gnu.linkonce.td.*)
                0x20000290                __tdata_end = .
                0x20000290                PROVIDE (__data_end__ = .)
                0x10004768                __etext = LOADADDR (.data)

.tbss           0x20000290        0x0 load address 0x10004938
                0x20000290                . = ALIGN (0x4)
                0x20000290                __bss_start__ = .
                0x20000290                __tls_base = .
 *(.tbss .tbss.* .gnu.linkonce.tb.*)
 *(.tcommon)
                0x20000290                __tls_end = .

.bss            0x20000290      0x410 load address 0x10004938
                0x20000290                . = ALIGN (0x4)
                0x20000290                __tbss_end = .
 *(SORT_BY_ALIGNMENT(SORT_BY_NAME(.bss*)))
 .bss.default_alarm_pool_entries
                0x20000290      0x180 CMakeFiles/HomePowerBank.dir/C_/Users/Robert/.pico-sdk/sdk/2.1.0/src/common/pico_time/time.c.obj
 .bss           0x20000410       0x1c c:/progra~1/raspbe~1/picosd~1.1/gcc-ar~1/bin/../lib/gcc/arm-none-eabi/10.3.1/thumb/v6-m/nofp/crtbegin.o
 .bss.claimed   0x2000042c        0x1 CMakeFiles/HomePowerBank.dir/C_/Users/Robert/.pico-sdk/sdk/2.1.0/src/rp2_common/hardware_timer/timer.c.obj
 *fill*         0x2000042d        0x3 
 .bss.configured_freq
                0x20000430       0x28 CMakeFiles/HomePowerBank.dir/C_/Users/Robert/.pico-sdk/sdk/2.1.0/src/rp2_common/hardware_clocks/clocks.c.obj
 .bss.drivers   0x20000458        0x4 CMakeFiles/HomePowerBank.dir/C_/Users/Robert/.pico-sdk/sdk/2.1.0/src/rp2_common/pico_stdio/stdio.c.obj
 .bss.dst       0x2000045c       0x19 CMakeFiles/HomePowerBank.dir/HomePowerBank.c.obj
                0x2000045c                dst
 *fill*         0x20000475        0x3 
 .bss.filter    0x20000478        0x4 CMakeFiles/HomePowerBank.dir/C_/Users/Robert/.pico-sdk/sdk/2.1.0/src/rp2_common/pico_stdio/stdio.c.obj
 .bss.load_value
                0x2000047c        0x4 CMakeFiles/HomePowerBank.dir/C_/Users/Robert/.pico-sdk/sdk/2.1.0/src/rp2_common/hardware_watchdog/watchdog.c.obj
 .bss.pools     0x20000480       0x10 CMakeFiles/HomePowerBank.dir/C_/Users/Robert/.pico-sdk/sdk/2.1.0/src/common/pico_time/time.c.obj
 .bss.sd_table  0x20000490      0x100 CMakeFiles/HomePowerBank.dir/C_/Users/Robert/.pico-sdk/sdk/2.1.0/src/rp2_common/pico_double/double_init_rom_rp2040.c.obj
                0x20000490                sd_table
 .bss.sf_clz_func
                0x20000590        0x4 CMakeFiles/HomePowerBank.dir/C_/Users/Robert/.pico-sdk/sdk/2.1.0/src/rp2_common/pico_double/double_init_rom_rp2040.c.obj
                0x20000590                sf_clz_func
 .bss.sf_table  0x20000594      0x100 CMakeFiles/HomePowerBank.dir/C_/Users/Robert/.pico-sdk/sdk/2.1.0/src/rp2_common/pico_float/float_init_rom_rp2040.c.obj
                0x20000594                sf_table
 .bss.sleep_notifier
                0x20000694        0x4 CMakeFiles/HomePowerBank.dir/C_/Users/Robert/.pico-sdk/sdk/2.1.0/src/common/pico_time/time.c.obj
 .bss.uart_char_to_line_feed
                0x20000698        0x4 CMakeFiles/HomePowerBank.dir/C_/Users/Robert/.pico-sdk/sdk/2.1.0/src/rp2_common/hardware_uart/uart.c.obj
                0x20000698                uart_char_to_line_feed
 .bss._claimed  0x2000069c        0x2 CMakeFiles/HomePowerBank.dir/C_/Users/Robert/.pico-sdk/sdk/2.1.0/src/rp2_common/hardware_dma/dma.c.obj
 *(COMMON)
                0x200006a0                . = ALIGN (0x4)
 *fill*         0x2000069e        0x2 
                0x200006a0                __bss_end__ = .

.heap           0x200006a0      0x800 load address 0x10004938
                0x200006a0                __end__ = .
                0x200006a0                end = __end__
 *(.heap*)
 .heap          0x200006a0      0x800 CMakeFiles/HomePowerBank.dir/C_/Users/Robert/.pico-sdk/sdk/2.1.0/src/rp2_common/pico_crt0/crt0.S.obj
                0x20040000                __HeapLimit = (ORIGIN (RAM) + LENGTH (RAM))

.scratch_x      0x20040000        0x0 load address 0x10004938
                0x20040000                __scratch_x_start__ = .
 *(.scratch_x.*)
                0x20040000                . = ALIGN (0x4)
                0x20040000                __scratch_x_end__ = .
                0x10004938                __scratch_x_source__ = LOADADDR (.scratch_x)

.scratch_y      0x20041000        0x0 load address 0x10004938
                0x20041000                __scratch_y_start__ = .
 *(.scratch_y.*)
                0x20041000                . = ALIGN (0x4)
                0x20041000                __scratch_y_end__ = .
                0x10004938                __scratch_y_source__ = LOADADDR (.scratch_y)

.stack1_dummy   0x20040000        0x0
 *(.stack1*)

.stack_dummy    0x20041000      0x800
 *(.stack*)
 .stack         0x20041000      0x800 CMakeFiles/HomePowerBank.dir/C_/Users/Robert/.pico-sdk/sdk/2.1.0/src/rp2_common/pico_crt0/crt0.S.obj

.flash_end      0x10004938        0x0
 *(.embedded_end_block*)
                0x10004938                PROVIDE (__flash_binary_end = .)
                0x20040000                __StackLimit = (ORIGIN (RAM) + LENGTH (RAM))
                0x20041000                __StackOneTop = (ORIGIN (SCRATCH_X) + LENGTH (SCRATCH_X))
                0x20042000                __StackTop = (ORIGIN (SCRATCH_Y) + LENGTH (SCRATCH_Y))
                0x20041000                __StackOneBottom = (__StackOneTop - SIZEOF (.stack1_dummy))
                0x20041800                __StackBottom = (__StackTop - SIZEOF (.stack_dummy))
                0x20042000                PROVIDE (__stack = __StackTop)
                [!provide]                PROVIDE (__heap_start = __end__)
                [!provide]                PROVIDE (__heap_end = __HeapLimit)
                [!provide]                PROVIDE (__tls_align = MAX (ALIGNOF (.tdata), ALIGNOF (.tbss)))
                [!provide]                PROVIDE (__tls_size_align = (((__tls_size + __tls_align) - 0x1) & ~ ((__tls_align - 0x1))))
                [!provide]                PROVIDE (__arm32_tls_tcb_offset = MAX (0x8, __tls_align))
                [!provide]                PROVIDE (_end = __end__)
                [!provide]                PROVIDE (__llvm_libc_heap_limit = __HeapLimit)
                0x00000001                ASSERT ((__StackLimit >= __HeapLimit), region RAM overflowed)
                0x00000001                ASSERT (((__binary_info_header_end - __logical_binary_start) <= 0x100), Binary info must be in first 256 bytes of the binary)
LOAD CMakeFiles/HomePowerBank.dir/HomePowerBank.c.obj
LOAD CMakeFiles/HomePowerBank.dir/C_/Users/Robert/.pico-sdk/sdk/2.1.0/src/rp2_common/pico_stdlib/stdlib.c.obj
LOAD CMakeFiles/HomePowerBank.dir/C_/Users/Robert/.pico-sdk/sdk/2.1.0/src/rp2_common/hardware_gpio/gpio.c.obj
LOAD CMakeFiles/HomePowerBank.dir/C_/Users/Robert/.pico-sdk/sdk/2.1.0/src/rp2040/pico_platform/platform.c.obj
LOAD CMakeFiles/HomePowerBank.dir/C_/Users/Robert/.pico-sdk/sdk/2.1.0/src/rp2_common/pico_platform_panic/panic.c.obj
LOAD CMakeFiles/HomePowerBank.dir/C_/Users/Robert/.pico-sdk/sdk/2.1.0/src/common/hardware_claim/claim.c.obj
LOAD CMakeFiles/HomePowerBank.dir/C_/Users/Robert/.pico-sdk/sdk/2.1.0/src/rp2_common/hardware_sync/sync.c.obj
LOAD CMakeFiles/HomePowerBank.dir/C_/Users/Robert/.pico-sdk/sdk/2.1.0/src/rp2_common/hardware_sync_spin_lock/sync_spin_lock.c.obj
LOAD CMakeFiles/HomePowerBank.dir/C_/Users/Robert/.pico-sdk/sdk/2.1.0/src/rp2_common/hardware_irq/irq.c.obj
LOAD CMakeFiles/HomePowerBank.dir/C_/Users/Robert/.pico-sdk/sdk/2.1.0/src/rp2_common/hardware_irq/irq_handler_chain.S.obj
LOAD CMakeFiles/HomePowerBank.dir/C_/Users/Robert/.pico-sdk/sdk/2.1.0/src/common/pico_sync/sem.c.obj
LOAD CMakeFiles/HomePowerBank.dir/C_/Users/Robert/.pico-sdk/sdk/2.1.0/src/common/pico_sync/lock_core.c.obj
LOAD CMakeFiles/HomePowerBank.dir/C_/Users/Robert/.pico-sdk/sdk/2.1.0/src/common/pico_sync/mutex.c.obj
LOAD CMakeFiles/HomePowerBank.dir/C_/Users/Robert/.pico-sdk/sdk/2.1.0/src/common/pico_sync/critical_section.c.obj
LOAD CMakeFiles/HomePowerBank.dir/C_/Users/Robert/.pico-sdk/sdk/2.1.0/src/common/pico_time/time.c.obj
LOAD CMakeFiles/HomePowerBank.dir/C_/Users/Robert/.pico-sdk/sdk/2.1.0/src/common/pico_time/timeout_helper.c.obj
LOAD CMakeFiles/HomePowerBank.dir/C_/Users/Robert/.pico-sdk/sdk/2.1.0/src/rp2_common/hardware_timer/timer.c.obj
LOAD CMakeFiles/HomePowerBank.dir/C_/Users/Robert/.pico-sdk/sdk/2.1.0/src/common/pico_util/datetime.c.obj
LOAD CMakeFiles/HomePowerBank.dir/C_/Users/Robert/.pico-sdk/sdk/2.1.0/src/common/pico_util/pheap.c.obj
LOAD CMakeFiles/HomePowerBank.dir/C_/Users/Robert/.pico-sdk/sdk/2.1.0/src/common/pico_util/queue.c.obj
LOAD CMakeFiles/HomePowerBank.dir/C_/Users/Robert/.pico-sdk/sdk/2.1.0/src/rp2_common/hardware_uart/uart.c.obj
LOAD CMakeFiles/HomePowerBank.dir/C_/Users/Robert/.pico-sdk/sdk/2.1.0/src/rp2_common/hardware_clocks/clocks.c.obj
LOAD CMakeFiles/HomePowerBank.dir/C_/Users/Robert/.pico-sdk/sdk/2.1.0/src/rp2_common/hardware_pll/pll.c.obj
LOAD CMakeFiles/HomePowerBank.dir/C_/Users/Robert/.pico-sdk/sdk/2.1.0/src/rp2_common/hardware_vreg/vreg.c.obj
LOAD CMakeFiles/HomePowerBank.dir/C_/Users/Robert/.pico-sdk/sdk/2.1.0/src/rp2_common/hardware_watchdog/watchdog.c.obj
LOAD CMakeFiles/HomePowerBank.dir/C_/Users/Robert/.pico-sdk/sdk/2.1.0/src/rp2_common/hardware_ticks/ticks.c.obj
LOAD CMakeFiles/HomePowerBank.dir/C_/Users/Robert/.pico-sdk/sdk/2.1.0/src/rp2_common/pico_bootrom/bootrom.c.obj
LOAD CMakeFiles/HomePowerBank.dir/C_/Users/Robert/.pico-sdk/sdk/2.1.0/src/rp2_common/pico_bootrom/bootrom_lock.c.obj
LOAD CMakeFiles/HomePowerBank.dir/C_/Users/Robert/.pico-sdk/sdk/2.1.0/src/rp2_common/hardware_boot_lock/boot_lock.c.obj
LOAD CMakeFiles/HomePowerBank.dir/C_/Users/Robert/.pico-sdk/sdk/2.1.0/src/rp2_common/pico_flash/flash.c.obj
LOAD CMakeFiles/HomePowerBank.dir/C_/Users/Robert/.pico-sdk/sdk/2.1.0/src/rp2_common/hardware_xosc/xosc.c.obj
LOAD CMakeFiles/HomePowerBank.dir/C_/Users/Robert/.pico-sdk/sdk/2.1.0/src/rp2_common/hardware_divider/divider.S.obj
LOAD CMakeFiles/HomePowerBank.dir/C_/Users/Robert/.pico-sdk/sdk/2.1.0/src/rp2_common/pico_runtime/runtime.c.obj
LOAD CMakeFiles/HomePowerBank.dir/C_/Users/Robert/.pico-sdk/sdk/2.1.0/src/rp2_common/pico_runtime_init/runtime_init.c.obj
LOAD CMakeFiles/HomePowerBank.dir/C_/Users/Robert/.pico-sdk/sdk/2.1.0/src/rp2_common/pico_runtime_init/runtime_init_clocks.c.obj
LOAD CMakeFiles/HomePowerBank.dir/C_/Users/Robert/.pico-sdk/sdk/2.1.0/src/rp2_common/pico_runtime_init/runtime_init_stack_guard.c.obj
LOAD CMakeFiles/HomePowerBank.dir/C_/Users/Robert/.pico-sdk/sdk/2.1.0/src/rp2_common/pico_bit_ops/bit_ops_aeabi.S.obj
LOAD CMakeFiles/HomePowerBank.dir/C_/Users/Robert/.pico-sdk/sdk/2.1.0/src/rp2_common/pico_divider/divider_hardware.S.obj
LOAD CMakeFiles/HomePowerBank.dir/C_/Users/Robert/.pico-sdk/sdk/2.1.0/src/rp2_common/pico_double/double_aeabi_rp2040.S.obj
LOAD CMakeFiles/HomePowerBank.dir/C_/Users/Robert/.pico-sdk/sdk/2.1.0/src/rp2_common/pico_double/double_init_rom_rp2040.c.obj
LOAD CMakeFiles/HomePowerBank.dir/C_/Users/Robert/.pico-sdk/sdk/2.1.0/src/rp2_common/pico_double/double_math.c.obj
LOAD CMakeFiles/HomePowerBank.dir/C_/Users/Robert/.pico-sdk/sdk/2.1.0/src/rp2_common/pico_double/double_v1_rom_shim_rp2040.S.obj
LOAD CMakeFiles/HomePowerBank.dir/C_/Users/Robert/.pico-sdk/sdk/2.1.0/src/rp2_common/pico_int64_ops/pico_int64_ops_aeabi.S.obj
LOAD CMakeFiles/HomePowerBank.dir/C_/Users/Robert/.pico-sdk/sdk/2.1.0/src/rp2_common/pico_float/float_aeabi_rp2040.S.obj
LOAD CMakeFiles/HomePowerBank.dir/C_/Users/Robert/.pico-sdk/sdk/2.1.0/src/rp2_common/pico_float/float_init_rom_rp2040.c.obj
LOAD CMakeFiles/HomePowerBank.dir/C_/Users/Robert/.pico-sdk/sdk/2.1.0/src/rp2_common/pico_float/float_math.c.obj
LOAD CMakeFiles/HomePowerBank.dir/C_/Users/Robert/.pico-sdk/sdk/2.1.0/src/rp2_common/pico_float/float_v1_rom_shim_rp2040.S.obj
LOAD CMakeFiles/HomePowerBank.dir/C_/Users/Robert/.pico-sdk/sdk/2.1.0/src/rp2_common/pico_malloc/malloc.c.obj
LOAD CMakeFiles/HomePowerBank.dir/C_/Users/Robert/.pico-sdk/sdk/2.1.0/src/rp2_common/pico_mem_ops/mem_ops_aeabi.S.obj
LOAD CMakeFiles/HomePowerBank.dir/C_/Users/Robert/.pico-sdk/sdk/2.1.0/src/rp2_common/pico_atomic/atomic.c.obj
LOAD CMakeFiles/HomePowerBank.dir/C_/Users/Robert/.pico-sdk/sdk/2.1.0/src/rp2_common/pico_cxx_options/new_delete.cpp.obj
LOAD CMakeFiles/HomePowerBank.dir/C_/Users/Robert/.pico-sdk/sdk/2.1.0/src/rp2_common/pico_standard_binary_info/standard_binary_info.c.obj
LOAD CMakeFiles/HomePowerBank.dir/C_/Users/Robert/.pico-sdk/sdk/2.1.0/src/rp2_common/pico_printf/printf.c.obj
LOAD CMakeFiles/HomePowerBank.dir/C_/Users/Robert/.pico-sdk/sdk/2.1.0/src/rp2_common/pico_crt0/crt0.S.obj
LOAD CMakeFiles/HomePowerBank.dir/C_/Users/Robert/.pico-sdk/sdk/2.1.0/src/rp2_common/pico_clib_interface/newlib_interface.c.obj
LOAD CMakeFiles/HomePowerBank.dir/C_/Users/Robert/.pico-sdk/sdk/2.1.0/src/rp2_common/pico_stdio/stdio.c.obj
LOAD CMakeFiles/HomePowerBank.dir/C_/Users/Robert/.pico-sdk/sdk/2.1.0/src/rp2_common/hardware_spi/spi.c.obj
LOAD CMakeFiles/HomePowerBank.dir/C_/Users/Robert/.pico-sdk/sdk/2.1.0/src/rp2_common/hardware_i2c/i2c.c.obj
LOAD CMakeFiles/HomePowerBank.dir/C_/Users/Robert/.pico-sdk/sdk/2.1.0/src/rp2_common/hardware_dma/dma.c.obj
LOAD pico-sdk/src/rp2040/boot_stage2/CMakeFiles/bs2_default_library.dir/./bs2_default_padded_checksummed.S.obj
LOAD c:/progra~1/raspbe~1/picosd~1.1/gcc-ar~1/bin/../lib/gcc/arm-none-eabi/10.3.1/../../../../arm-none-eabi/lib/thumb/v6-m/nofp\libstdc++.a
LOAD c:/progra~1/raspbe~1/picosd~1.1/gcc-ar~1/bin/../lib/gcc/arm-none-eabi/10.3.1/../../../../arm-none-eabi/lib/thumb/v6-m/nofp\libm.a
START GROUP
LOAD c:/progra~1/raspbe~1/picosd~1.1/gcc-ar~1/bin/../lib/gcc/arm-none-eabi/10.3.1/thumb/v6-m/nofp\libgcc.a
LOAD c:/progra~1/raspbe~1/picosd~1.1/gcc-ar~1/bin/../lib/gcc/arm-none-eabi/10.3.1/../../../../arm-none-eabi/lib/thumb/v6-m/nofp\libg.a
LOAD c:/progra~1/raspbe~1/picosd~1.1/gcc-ar~1/bin/../lib/gcc/arm-none-eabi/10.3.1/../../../../arm-none-eabi/lib/thumb/v6-m/nofp\libc.a
END GROUP
START GROUP
LOAD c:/progra~1/raspbe~1/picosd~1.1/gcc-ar~1/bin/../lib/gcc/arm-none-eabi/10.3.1/thumb/v6-m/nofp\libgcc.a
LOAD c:/progra~1/raspbe~1/picosd~1.1/gcc-ar~1/bin/../lib/gcc/arm-none-eabi/10.3.1/../../../../arm-none-eabi/lib/thumb/v6-m/nofp\libc.a
LOAD c:/progra~1/raspbe~1/picosd~1.1/gcc-ar~1/bin/../lib/gcc/arm-none-eabi/10.3.1/../../../../arm-none-eabi/lib/thumb/v6-m/nofp\libnosys.a
END GROUP
LOAD c:/progra~1/raspbe~1/picosd~1.1/gcc-ar~1/bin/../lib/gcc/arm-none-eabi/10.3.1/thumb/v6-m/nofp/crtend.o
LOAD c:/progra~1/raspbe~1/picosd~1.1/gcc-ar~1/bin/../lib/gcc/arm-none-eabi/10.3.1/thumb/v6-m/nofp/crtn.o
OUTPUT(HomePowerBank.elf elf32-littlearm)
LOAD linker stubs

.ARM.attributes
                0x00000000       0x28
 .ARM.attributes
                0x00000000       0x1e c:/progra~1/raspbe~1/picosd~1.1/gcc-ar~1/bin/../lib/gcc/arm-none-eabi/10.3.1/thumb/v6-m/nofp/crti.o
 .ARM.attributes
                0x0000001e       0x2c c:/progra~1/raspbe~1/picosd~1.1/gcc-ar~1/bin/../lib/gcc/arm-none-eabi/10.3.1/thumb/v6-m/nofp/crtbegin.o
 .ARM.attributes
                0x0000004a       0x2c CMakeFiles/HomePowerBank.dir/HomePowerBank.c.obj
 .ARM.attributes
                0x00000076       0x2c CMakeFiles/HomePowerBank.dir/C_/Users/Robert/.pico-sdk/sdk/2.1.0/src/rp2_common/hardware_gpio/gpio.c.obj
 .ARM.attributes
                0x000000a2       0x2c CMakeFiles/HomePowerBank.dir/C_/Users/Robert/.pico-sdk/sdk/2.1.0/src/rp2_common/pico_platform_panic/panic.c.obj
 .ARM.attributes
                0x000000ce       0x2c CMakeFiles/HomePowerBank.dir/C_/Users/Robert/.pico-sdk/sdk/2.1.0/src/common/hardware_claim/claim.c.obj
 .ARM.attributes
                0x000000fa       0x2c CMakeFiles/HomePowerBank.dir/C_/Users/Robert/.pico-sdk/sdk/2.1.0/src/rp2_common/hardware_sync/sync.c.obj
 .ARM.attributes
                0x00000126       0x2c CMakeFiles/HomePowerBank.dir/C_/Users/Robert/.pico-sdk/sdk/2.1.0/src/rp2_common/hardware_sync_spin_lock/sync_spin_lock.c.obj
 .ARM.attributes
                0x00000152       0x2c CMakeFiles/HomePowerBank.dir/C_/Users/Robert/.pico-sdk/sdk/2.1.0/src/rp2_common/hardware_irq/irq.c.obj
 .ARM.attributes
                0x0000017e       0x2c CMakeFiles/HomePowerBank.dir/C_/Users/Robert/.pico-sdk/sdk/2.1.0/src/common/pico_sync/lock_core.c.obj
 .ARM.attributes
                0x000001aa       0x2c CMakeFiles/HomePowerBank.dir/C_/Users/Robert/.pico-sdk/sdk/2.1.0/src/common/pico_sync/mutex.c.obj
 .ARM.attributes
                0x000001d6       0x2c CMakeFiles/HomePowerBank.dir/C_/Users/Robert/.pico-sdk/sdk/2.1.0/src/common/pico_time/time.c.obj
 .ARM.attributes
                0x00000202       0x2c CMakeFiles/HomePowerBank.dir/C_/Users/Robert/.pico-sdk/sdk/2.1.0/src/rp2_common/hardware_timer/timer.c.obj
 .ARM.attributes
                0x0000022e       0x2c CMakeFiles/HomePowerBank.dir/C_/Users/Robert/.pico-sdk/sdk/2.1.0/src/rp2_common/hardware_uart/uart.c.obj
 .ARM.attributes
                0x0000025a       0x2c CMakeFiles/HomePowerBank.dir/C_/Users/Robert/.pico-sdk/sdk/2.1.0/src/rp2_common/hardware_clocks/clocks.c.obj
 .ARM.attributes
                0x00000286       0x2c CMakeFiles/HomePowerBank.dir/C_/Users/Robert/.pico-sdk/sdk/2.1.0/src/rp2_common/hardware_pll/pll.c.obj
 .ARM.attributes
                0x000002b2       0x2c CMakeFiles/HomePowerBank.dir/C_/Users/Robert/.pico-sdk/sdk/2.1.0/src/rp2_common/hardware_watchdog/watchdog.c.obj
 .ARM.attributes
                0x000002de       0x2c CMakeFiles/HomePowerBank.dir/C_/Users/Robert/.pico-sdk/sdk/2.1.0/src/rp2_common/hardware_ticks/ticks.c.obj
 .ARM.attributes
                0x0000030a       0x2c CMakeFiles/HomePowerBank.dir/C_/Users/Robert/.pico-sdk/sdk/2.1.0/src/rp2_common/pico_bootrom/bootrom.c.obj
 .ARM.attributes
                0x00000336       0x2c CMakeFiles/HomePowerBank.dir/C_/Users/Robert/.pico-sdk/sdk/2.1.0/src/rp2_common/hardware_xosc/xosc.c.obj
 .ARM.attributes
                0x00000362       0x2c CMakeFiles/HomePowerBank.dir/C_/Users/Robert/.pico-sdk/sdk/2.1.0/src/rp2_common/pico_runtime/runtime.c.obj
 .ARM.attributes
                0x0000038e       0x2c CMakeFiles/HomePowerBank.dir/C_/Users/Robert/.pico-sdk/sdk/2.1.0/src/rp2_common/pico_runtime_init/runtime_init.c.obj
 .ARM.attributes
                0x000003ba       0x2c CMakeFiles/HomePowerBank.dir/C_/Users/Robert/.pico-sdk/sdk/2.1.0/src/rp2_common/pico_runtime_init/runtime_init_clocks.c.obj
 .ARM.attributes
                0x000003e6       0x22 CMakeFiles/HomePowerBank.dir/C_/Users/Robert/.pico-sdk/sdk/2.1.0/src/rp2_common/pico_bit_ops/bit_ops_aeabi.S.obj
 .ARM.attributes
                0x00000408       0x22 CMakeFiles/HomePowerBank.dir/C_/Users/Robert/.pico-sdk/sdk/2.1.0/src/rp2_common/pico_divider/divider_hardware.S.obj
 .ARM.attributes
                0x0000042a       0x22 CMakeFiles/HomePowerBank.dir/C_/Users/Robert/.pico-sdk/sdk/2.1.0/src/rp2_common/pico_double/double_aeabi_rp2040.S.obj
 .ARM.attributes
                0x0000044c       0x2c CMakeFiles/HomePowerBank.dir/C_/Users/Robert/.pico-sdk/sdk/2.1.0/src/rp2_common/pico_double/double_init_rom_rp2040.c.obj
 .ARM.attributes
                0x00000478       0x22 CMakeFiles/HomePowerBank.dir/C_/Users/Robert/.pico-sdk/sdk/2.1.0/src/rp2_common/pico_double/double_v1_rom_shim_rp2040.S.obj
 .ARM.attributes
                0x0000049a       0x22 CMakeFiles/HomePowerBank.dir/C_/Users/Robert/.pico-sdk/sdk/2.1.0/src/rp2_common/pico_int64_ops/pico_int64_ops_aeabi.S.obj
 .ARM.attributes
                0x000004bc       0x22 CMakeFiles/HomePowerBank.dir/C_/Users/Robert/.pico-sdk/sdk/2.1.0/src/rp2_common/pico_float/float_aeabi_rp2040.S.obj
 .ARM.attributes
                0x000004de       0x2c CMakeFiles/HomePowerBank.dir/C_/Users/Robert/.pico-sdk/sdk/2.1.0/src/rp2_common/pico_float/float_init_rom_rp2040.c.obj
 .ARM.attributes
                0x0000050a       0x22 CMakeFiles/HomePowerBank.dir/C_/Users/Robert/.pico-sdk/sdk/2.1.0/src/rp2_common/pico_float/float_v1_rom_shim_rp2040.S.obj
 .ARM.attributes
                0x0000052c       0x22 CMakeFiles/HomePowerBank.dir/C_/Users/Robert/.pico-sdk/sdk/2.1.0/src/rp2_common/pico_mem_ops/mem_ops_aeabi.S.obj
 .ARM.attributes
                0x0000054e       0x2c CMakeFiles/HomePowerBank.dir/C_/Users/Robert/.pico-sdk/sdk/2.1.0/src/rp2_common/pico_standard_binary_info/standard_binary_info.c.obj
 .ARM.attributes
                0x0000057a       0x2c CMakeFiles/HomePowerBank.dir/C_/Users/Robert/.pico-sdk/sdk/2.1.0/src/rp2_common/pico_printf/printf.c.obj
 .ARM.attributes
                0x000005a6       0x22 CMakeFiles/HomePowerBank.dir/C_/Users/Robert/.pico-sdk/sdk/2.1.0/src/rp2_common/pico_crt0/crt0.S.obj
 .ARM.attributes
                0x000005c8       0x2c CMakeFiles/HomePowerBank.dir/C_/Users/Robert/.pico-sdk/sdk/2.1.0/src/rp2_common/pico_clib_interface/newlib_interface.c.obj
 .ARM.attributes
                0x000005f4       0x2c CMakeFiles/HomePowerBank.dir/C_/Users/Robert/.pico-sdk/sdk/2.1.0/src/rp2_common/pico_stdio/stdio.c.obj
 .ARM.attributes
                0x00000620       0x2c CMakeFiles/HomePowerBank.dir/C_/Users/Robert/.pico-sdk/sdk/2.1.0/src/rp2_common/hardware_spi/spi.c.obj
 .ARM.attributes
                0x0000064c       0x2c CMakeFiles/HomePowerBank.dir/C_/Users/Robert/.pico-sdk/sdk/2.1.0/src/rp2_common/hardware_i2c/i2c.c.obj
 .ARM.attributes
                0x00000678       0x2c CMakeFiles/HomePowerBank.dir/C_/Users/Robert/.pico-sdk/sdk/2.1.0/src/rp2_common/hardware_dma/dma.c.obj
 .ARM.attributes
                0x000006a4       0x22 pico-sdk/src/rp2040/boot_stage2/CMakeFiles/bs2_default_library.dir/./bs2_default_padded_checksummed.S.obj
 .ARM.attributes
                0x000006c6       0x1e c:/progra~1/raspbe~1/picosd~1.1/gcc-ar~1/bin/../lib/gcc/arm-none-eabi/10.3.1/thumb/v6-m/nofp\libgcc.a(_dvmd_tls.o)
 .ARM.attributes
                0x000006e4       0x2c c:/progra~1/raspbe~1/picosd~1.1/gcc-ar~1/bin/../lib/gcc/arm-none-eabi/10.3.1/../../../../arm-none-eabi/lib/thumb/v6-m/nofp\libg.a(lib_a-strlen-stub.o)

.comment        0x00000000       0x49
 .comment       0x00000000       0x49 CMakeFiles/HomePowerBank.dir/HomePowerBank.c.obj
                                 0x4a (size before relaxing)
 .comment       0x00000049       0x4a CMakeFiles/HomePowerBank.dir/C_/Users/Robert/.pico-sdk/sdk/2.1.0/src/rp2_common/hardware_gpio/gpio.c.obj
 .comment       0x00000049       0x4a CMakeFiles/HomePowerBank.dir/C_/Users/Robert/.pico-sdk/sdk/2.1.0/src/rp2_common/pico_platform_panic/panic.c.obj
 .comment       0x00000049       0x4a CMakeFiles/HomePowerBank.dir/C_/Users/Robert/.pico-sdk/sdk/2.1.0/src/common/hardware_claim/claim.c.obj
 .comment       0x00000049       0x4a CMakeFiles/HomePowerBank.dir/C_/Users/Robert/.pico-sdk/sdk/2.1.0/src/rp2_common/hardware_sync/sync.c.obj
 .comment       0x00000049       0x4a CMakeFiles/HomePowerBank.dir/C_/Users/Robert/.pico-sdk/sdk/2.1.0/src/rp2_common/hardware_sync_spin_lock/sync_spin_lock.c.obj
 .comment       0x00000049       0x4a CMakeFiles/HomePowerBank.dir/C_/Users/Robert/.pico-sdk/sdk/2.1.0/src/rp2_common/hardware_irq/irq.c.obj
 .comment       0x00000049       0x4a CMakeFiles/HomePowerBank.dir/C_/Users/Robert/.pico-sdk/sdk/2.1.0/src/common/pico_sync/lock_core.c.obj
 .comment       0x00000049       0x4a CMakeFiles/HomePowerBank.dir/C_/Users/Robert/.pico-sdk/sdk/2.1.0/src/common/pico_sync/mutex.c.obj
 .comment       0x00000049       0x4a CMakeFiles/HomePowerBank.dir/C_/Users/Robert/.pico-sdk/sdk/2.1.0/src/common/pico_time/time.c.obj
 .comment       0x00000049       0x4a CMakeFiles/HomePowerBank.dir/C_/Users/Robert/.pico-sdk/sdk/2.1.0/src/rp2_common/hardware_timer/timer.c.obj
 .comment       0x00000049       0x4a CMakeFiles/HomePowerBank.dir/C_/Users/Robert/.pico-sdk/sdk/2.1.0/src/rp2_common/hardware_uart/uart.c.obj
 .comment       0x00000049       0x4a CMakeFiles/HomePowerBank.dir/C_/Users/Robert/.pico-sdk/sdk/2.1.0/src/rp2_common/hardware_clocks/clocks.c.obj
 .comment       0x00000049       0x4a CMakeFiles/HomePowerBank.dir/C_/Users/Robert/.pico-sdk/sdk/2.1.0/src/rp2_common/hardware_pll/pll.c.obj
 .comment       0x00000049       0x4a CMakeFiles/HomePowerBank.dir/C_/Users/Robert/.pico-sdk/sdk/2.1.0/src/rp2_common/hardware_watchdog/watchdog.c.obj
 .comment       0x00000049       0x4a CMakeFiles/HomePowerBank.dir/C_/Users/Robert/.pico-sdk/sdk/2.1.0/src/rp2_common/hardware_ticks/ticks.c.obj
 .comment       0x00000049       0x4a CMakeFiles/HomePowerBank.dir/C_/Users/Robert/.pico-sdk/sdk/2.1.0/src/rp2_common/pico_bootrom/bootrom.c.obj
 .comment       0x00000049       0x4a CMakeFiles/HomePowerBank.dir/C_/Users/Robert/.pico-sdk/sdk/2.1.0/src/rp2_common/hardware_xosc/xosc.c.obj
 .comment       0x00000049       0x4a CMakeFiles/HomePowerBank.dir/C_/Users/Robert/.pico-sdk/sdk/2.1.0/src/rp2_common/pico_runtime/runtime.c.obj
 .comment       0x00000049       0x4a CMakeFiles/HomePowerBank.dir/C_/Users/Robert/.pico-sdk/sdk/2.1.0/src/rp2_common/pico_runtime_init/runtime_init.c.obj
 .comment       0x00000049       0x4a CMakeFiles/HomePowerBank.dir/C_/Users/Robert/.pico-sdk/sdk/2.1.0/src/rp2_common/pico_runtime_init/runtime_init_clocks.c.obj
 .comment       0x00000049       0x4a CMakeFiles/HomePowerBank.dir/C_/Users/Robert/.pico-sdk/sdk/2.1.0/src/rp2_common/pico_double/double_init_rom_rp2040.c.obj
 .comment       0x00000049       0x4a CMakeFiles/HomePowerBank.dir/C_/Users/Robert/.pico-sdk/sdk/2.1.0/src/rp2_common/pico_float/float_init_rom_rp2040.c.obj
 .comment       0x00000049       0x4a CMakeFiles/HomePowerBank.dir/C_/Users/Robert/.pico-sdk/sdk/2.1.0/src/rp2_common/pico_standard_binary_info/standard_binary_info.c.obj
 .comment       0x00000049       0x4a CMakeFiles/HomePowerBank.dir/C_/Users/Robert/.pico-sdk/sdk/2.1.0/src/rp2_common/pico_printf/printf.c.obj
 .comment       0x00000049       0x4a CMakeFiles/HomePowerBank.dir/C_/Users/Robert/.pico-sdk/sdk/2.1.0/src/rp2_common/pico_clib_interface/newlib_interface.c.obj
 .comment       0x00000049       0x4a CMakeFiles/HomePowerBank.dir/C_/Users/Robert/.pico-sdk/sdk/2.1.0/src/rp2_common/pico_stdio/stdio.c.obj
 .comment       0x00000049       0x4a CMakeFiles/HomePowerBank.dir/C_/Users/Robert/.pico-sdk/sdk/2.1.0/src/rp2_common/hardware_spi/spi.c.obj
 .comment       0x00000049       0x4a CMakeFiles/HomePowerBank.dir/C_/Users/Robert/.pico-sdk/sdk/2.1.0/src/rp2_common/hardware_i2c/i2c.c.obj
 .comment       0x00000049       0x4a CMakeFiles/HomePowerBank.dir/C_/Users/Robert/.pico-sdk/sdk/2.1.0/src/rp2_common/hardware_dma/dma.c.obj

.debug_info     0x00000000    0x1abcb
 .debug_info    0x00000000     0x239b CMakeFiles/HomePowerBank.dir/HomePowerBank.c.obj
 .debug_info    0x0000239b     0x1d56 CMakeFiles/HomePowerBank.dir/C_/Users/Robert/.pico-sdk/sdk/2.1.0/src/rp2_common/hardware_gpio/gpio.c.obj
 .debug_info    0x000040f1      0x19c CMakeFiles/HomePowerBank.dir/C_/Users/Robert/.pico-sdk/sdk/2.1.0/src/rp2_common/pico_platform_panic/panic.c.obj
 .debug_info    0x0000428d      0x6d2 CMakeFiles/HomePowerBank.dir/C_/Users/Robert/.pico-sdk/sdk/2.1.0/src/common/hardware_claim/claim.c.obj
 .debug_info    0x0000495f      0x409 CMakeFiles/HomePowerBank.dir/C_/Users/Robert/.pico-sdk/sdk/2.1.0/src/rp2_common/hardware_sync/sync.c.obj
 .debug_info    0x00004d68      0x2de CMakeFiles/HomePowerBank.dir/C_/Users/Robert/.pico-sdk/sdk/2.1.0/src/rp2_common/hardware_sync_spin_lock/sync_spin_lock.c.obj
 .debug_info    0x00005046     0x200a CMakeFiles/HomePowerBank.dir/C_/Users/Robert/.pico-sdk/sdk/2.1.0/src/rp2_common/hardware_irq/irq.c.obj
 .debug_info    0x00007050      0x1b0 CMakeFiles/HomePowerBank.dir/C_/Users/Robert/.pico-sdk/sdk/2.1.0/src/common/pico_sync/lock_core.c.obj
 .debug_info    0x00007200     0x1f7f CMakeFiles/HomePowerBank.dir/C_/Users/Robert/.pico-sdk/sdk/2.1.0/src/common/pico_sync/mutex.c.obj
 .debug_info    0x0000917f     0x35ca CMakeFiles/HomePowerBank.dir/C_/Users/Robert/.pico-sdk/sdk/2.1.0/src/common/pico_time/time.c.obj
 .debug_info    0x0000c749     0x199a CMakeFiles/HomePowerBank.dir/C_/Users/Robert/.pico-sdk/sdk/2.1.0/src/rp2_common/hardware_timer/timer.c.obj
 .debug_info    0x0000e0e3     0x131b CMakeFiles/HomePowerBank.dir/C_/Users/Robert/.pico-sdk/sdk/2.1.0/src/rp2_common/hardware_uart/uart.c.obj
 .debug_info    0x0000f3fe     0x1512 CMakeFiles/HomePowerBank.dir/C_/Users/Robert/.pico-sdk/sdk/2.1.0/src/rp2_common/hardware_clocks/clocks.c.obj
 .debug_info    0x00010910      0x663 CMakeFiles/HomePowerBank.dir/C_/Users/Robert/.pico-sdk/sdk/2.1.0/src/rp2_common/hardware_pll/pll.c.obj
 .debug_info    0x00010f73      0x5a3 CMakeFiles/HomePowerBank.dir/C_/Users/Robert/.pico-sdk/sdk/2.1.0/src/rp2_common/hardware_watchdog/watchdog.c.obj
 .debug_info    0x00011516      0x2c4 CMakeFiles/HomePowerBank.dir/C_/Users/Robert/.pico-sdk/sdk/2.1.0/src/rp2_common/hardware_ticks/ticks.c.obj
 .debug_info    0x000117da      0x3ad CMakeFiles/HomePowerBank.dir/C_/Users/Robert/.pico-sdk/sdk/2.1.0/src/rp2_common/pico_bootrom/bootrom.c.obj
 .debug_info    0x00011b87      0x1e1 CMakeFiles/HomePowerBank.dir/C_/Users/Robert/.pico-sdk/sdk/2.1.0/src/rp2_common/hardware_xosc/xosc.c.obj
 .debug_info    0x00011d68      0x1b2 CMakeFiles/HomePowerBank.dir/C_/Users/Robert/.pico-sdk/sdk/2.1.0/src/rp2_common/pico_runtime/runtime.c.obj
 .debug_info    0x00011f1a      0x7e4 CMakeFiles/HomePowerBank.dir/C_/Users/Robert/.pico-sdk/sdk/2.1.0/src/rp2_common/pico_runtime_init/runtime_init.c.obj
 .debug_info    0x000126fe      0x6fd CMakeFiles/HomePowerBank.dir/C_/Users/Robert/.pico-sdk/sdk/2.1.0/src/rp2_common/pico_runtime_init/runtime_init_clocks.c.obj
 .debug_info    0x00012dfb       0x23 CMakeFiles/HomePowerBank.dir/C_/Users/Robert/.pico-sdk/sdk/2.1.0/src/rp2_common/pico_bit_ops/bit_ops_aeabi.S.obj
 .debug_info    0x00012e1e       0x23 CMakeFiles/HomePowerBank.dir/C_/Users/Robert/.pico-sdk/sdk/2.1.0/src/rp2_common/pico_divider/divider_hardware.S.obj
 .debug_info    0x00012e41       0x23 CMakeFiles/HomePowerBank.dir/C_/Users/Robert/.pico-sdk/sdk/2.1.0/src/rp2_common/pico_double/double_aeabi_rp2040.S.obj
 .debug_info    0x00012e64      0x2ea CMakeFiles/HomePowerBank.dir/C_/Users/Robert/.pico-sdk/sdk/2.1.0/src/rp2_common/pico_double/double_init_rom_rp2040.c.obj
 .debug_info    0x0001314e       0x23 CMakeFiles/HomePowerBank.dir/C_/Users/Robert/.pico-sdk/sdk/2.1.0/src/rp2_common/pico_double/double_v1_rom_shim_rp2040.S.obj
 .debug_info    0x00013171       0x24 CMakeFiles/HomePowerBank.dir/C_/Users/Robert/.pico-sdk/sdk/2.1.0/src/rp2_common/pico_int64_ops/pico_int64_ops_aeabi.S.obj
 .debug_info    0x00013195       0x23 CMakeFiles/HomePowerBank.dir/C_/Users/Robert/.pico-sdk/sdk/2.1.0/src/rp2_common/pico_float/float_aeabi_rp2040.S.obj
 .debug_info    0x000131b8      0x2f0 CMakeFiles/HomePowerBank.dir/C_/Users/Robert/.pico-sdk/sdk/2.1.0/src/rp2_common/pico_float/float_init_rom_rp2040.c.obj
 .debug_info    0x000134a8       0x23 CMakeFiles/HomePowerBank.dir/C_/Users/Robert/.pico-sdk/sdk/2.1.0/src/rp2_common/pico_float/float_v1_rom_shim_rp2040.S.obj
 .debug_info    0x000134cb       0x23 CMakeFiles/HomePowerBank.dir/C_/Users/Robert/.pico-sdk/sdk/2.1.0/src/rp2_common/pico_mem_ops/mem_ops_aeabi.S.obj
 .debug_info    0x000134ee      0x32c CMakeFiles/HomePowerBank.dir/C_/Users/Robert/.pico-sdk/sdk/2.1.0/src/rp2_common/pico_standard_binary_info/standard_binary_info.c.obj
 .debug_info    0x0001381a     0x1a5e CMakeFiles/HomePowerBank.dir/C_/Users/Robert/.pico-sdk/sdk/2.1.0/src/rp2_common/pico_printf/printf.c.obj
 .debug_info    0x00015278       0x23 CMakeFiles/HomePowerBank.dir/C_/Users/Robert/.pico-sdk/sdk/2.1.0/src/rp2_common/pico_crt0/crt0.S.obj
 .debug_info    0x0001529b      0xbb4 CMakeFiles/HomePowerBank.dir/C_/Users/Robert/.pico-sdk/sdk/2.1.0/src/rp2_common/pico_clib_interface/newlib_interface.c.obj
 .debug_info    0x00015e4f     0x13c1 CMakeFiles/HomePowerBank.dir/C_/Users/Robert/.pico-sdk/sdk/2.1.0/src/rp2_common/pico_stdio/stdio.c.obj
 .debug_info    0x00017210     0x1392 CMakeFiles/HomePowerBank.dir/C_/Users/Robert/.pico-sdk/sdk/2.1.0/src/rp2_common/hardware_spi/spi.c.obj
 .debug_info    0x000185a2     0x1b88 CMakeFiles/HomePowerBank.dir/C_/Users/Robert/.pico-sdk/sdk/2.1.0/src/rp2_common/hardware_i2c/i2c.c.obj
 .debug_info    0x0001a12a      0xaa1 CMakeFiles/HomePowerBank.dir/C_/Users/Robert/.pico-sdk/sdk/2.1.0/src/rp2_common/hardware_dma/dma.c.obj

.debug_abbrev   0x00000000     0x52b3
 .debug_abbrev  0x00000000      0x436 CMakeFiles/HomePowerBank.dir/HomePowerBank.c.obj
 .debug_abbrev  0x00000436      0x402 CMakeFiles/HomePowerBank.dir/C_/Users/Robert/.pico-sdk/sdk/2.1.0/src/rp2_common/hardware_gpio/gpio.c.obj
 .debug_abbrev  0x00000838       0xf4 CMakeFiles/HomePowerBank.dir/C_/Users/Robert/.pico-sdk/sdk/2.1.0/src/rp2_common/pico_platform_panic/panic.c.obj
 .debug_abbrev  0x0000092c      0x2d6 CMakeFiles/HomePowerBank.dir/C_/Users/Robert/.pico-sdk/sdk/2.1.0/src/common/hardware_claim/claim.c.obj
 .debug_abbrev  0x00000c02      0x1df CMakeFiles/HomePowerBank.dir/C_/Users/Robert/.pico-sdk/sdk/2.1.0/src/rp2_common/hardware_sync/sync.c.obj
 .debug_abbrev  0x00000de1      0x1f0 CMakeFiles/HomePowerBank.dir/C_/Users/Robert/.pico-sdk/sdk/2.1.0/src/rp2_common/hardware_sync_spin_lock/sync_spin_lock.c.obj
 .debug_abbrev  0x00000fd1      0x58e CMakeFiles/HomePowerBank.dir/C_/Users/Robert/.pico-sdk/sdk/2.1.0/src/rp2_common/hardware_irq/irq.c.obj
 .debug_abbrev  0x0000155f      0x116 CMakeFiles/HomePowerBank.dir/C_/Users/Robert/.pico-sdk/sdk/2.1.0/src/common/pico_sync/lock_core.c.obj
 .debug_abbrev  0x00001675      0x3b6 CMakeFiles/HomePowerBank.dir/C_/Users/Robert/.pico-sdk/sdk/2.1.0/src/common/pico_sync/mutex.c.obj
 .debug_abbrev  0x00001a2b      0x5b8 CMakeFiles/HomePowerBank.dir/C_/Users/Robert/.pico-sdk/sdk/2.1.0/src/common/pico_time/time.c.obj
 .debug_abbrev  0x00001fe3      0x473 CMakeFiles/HomePowerBank.dir/C_/Users/Robert/.pico-sdk/sdk/2.1.0/src/rp2_common/hardware_timer/timer.c.obj
 .debug_abbrev  0x00002456      0x306 CMakeFiles/HomePowerBank.dir/C_/Users/Robert/.pico-sdk/sdk/2.1.0/src/rp2_common/hardware_uart/uart.c.obj
 .debug_abbrev  0x0000275c      0x3e8 CMakeFiles/HomePowerBank.dir/C_/Users/Robert/.pico-sdk/sdk/2.1.0/src/rp2_common/hardware_clocks/clocks.c.obj
 .debug_abbrev  0x00002b44      0x21a CMakeFiles/HomePowerBank.dir/C_/Users/Robert/.pico-sdk/sdk/2.1.0/src/rp2_common/hardware_pll/pll.c.obj
 .debug_abbrev  0x00002d5e      0x1d8 CMakeFiles/HomePowerBank.dir/C_/Users/Robert/.pico-sdk/sdk/2.1.0/src/rp2_common/hardware_watchdog/watchdog.c.obj
 .debug_abbrev  0x00002f36      0x14e CMakeFiles/HomePowerBank.dir/C_/Users/Robert/.pico-sdk/sdk/2.1.0/src/rp2_common/hardware_ticks/ticks.c.obj
 .debug_abbrev  0x00003084      0x196 CMakeFiles/HomePowerBank.dir/C_/Users/Robert/.pico-sdk/sdk/2.1.0/src/rp2_common/pico_bootrom/bootrom.c.obj
 .debug_abbrev  0x0000321a      0x11a CMakeFiles/HomePowerBank.dir/C_/Users/Robert/.pico-sdk/sdk/2.1.0/src/rp2_common/hardware_xosc/xosc.c.obj
 .debug_abbrev  0x00003334      0x11c CMakeFiles/HomePowerBank.dir/C_/Users/Robert/.pico-sdk/sdk/2.1.0/src/rp2_common/pico_runtime/runtime.c.obj
 .debug_abbrev  0x00003450      0x20c CMakeFiles/HomePowerBank.dir/C_/Users/Robert/.pico-sdk/sdk/2.1.0/src/rp2_common/pico_runtime_init/runtime_init.c.obj
 .debug_abbrev  0x0000365c      0x266 CMakeFiles/HomePowerBank.dir/C_/Users/Robert/.pico-sdk/sdk/2.1.0/src/rp2_common/pico_runtime_init/runtime_init_clocks.c.obj
 .debug_abbrev  0x000038c2       0x12 CMakeFiles/HomePowerBank.dir/C_/Users/Robert/.pico-sdk/sdk/2.1.0/src/rp2_common/pico_bit_ops/bit_ops_aeabi.S.obj
 .debug_abbrev  0x000038d4       0x12 CMakeFiles/HomePowerBank.dir/C_/Users/Robert/.pico-sdk/sdk/2.1.0/src/rp2_common/pico_divider/divider_hardware.S.obj
 .debug_abbrev  0x000038e6       0x12 CMakeFiles/HomePowerBank.dir/C_/Users/Robert/.pico-sdk/sdk/2.1.0/src/rp2_common/pico_double/double_aeabi_rp2040.S.obj
 .debug_abbrev  0x000038f8      0x166 CMakeFiles/HomePowerBank.dir/C_/Users/Robert/.pico-sdk/sdk/2.1.0/src/rp2_common/pico_double/double_init_rom_rp2040.c.obj
 .debug_abbrev  0x00003a5e       0x12 CMakeFiles/HomePowerBank.dir/C_/Users/Robert/.pico-sdk/sdk/2.1.0/src/rp2_common/pico_double/double_v1_rom_shim_rp2040.S.obj
 .debug_abbrev  0x00003a70       0x14 CMakeFiles/HomePowerBank.dir/C_/Users/Robert/.pico-sdk/sdk/2.1.0/src/rp2_common/pico_int64_ops/pico_int64_ops_aeabi.S.obj
 .debug_abbrev  0x00003a84       0x12 CMakeFiles/HomePowerBank.dir/C_/Users/Robert/.pico-sdk/sdk/2.1.0/src/rp2_common/pico_float/float_aeabi_rp2040.S.obj
 .debug_abbrev  0x00003a96      0x179 CMakeFiles/HomePowerBank.dir/C_/Users/Robert/.pico-sdk/sdk/2.1.0/src/rp2_common/pico_float/float_init_rom_rp2040.c.obj
 .debug_abbrev  0x00003c0f       0x12 CMakeFiles/HomePowerBank.dir/C_/Users/Robert/.pico-sdk/sdk/2.1.0/src/rp2_common/pico_float/float_v1_rom_shim_rp2040.S.obj
 .debug_abbrev  0x00003c21       0x12 CMakeFiles/HomePowerBank.dir/C_/Users/Robert/.pico-sdk/sdk/2.1.0/src/rp2_common/pico_mem_ops/mem_ops_aeabi.S.obj
 .debug_abbrev  0x00003c33       0xad CMakeFiles/HomePowerBank.dir/C_/Users/Robert/.pico-sdk/sdk/2.1.0/src/rp2_common/pico_standard_binary_info/standard_binary_info.c.obj
 .debug_abbrev  0x00003ce0      0x3a2 CMakeFiles/HomePowerBank.dir/C_/Users/Robert/.pico-sdk/sdk/2.1.0/src/rp2_common/pico_printf/printf.c.obj
 .debug_abbrev  0x00004082       0x12 CMakeFiles/HomePowerBank.dir/C_/Users/Robert/.pico-sdk/sdk/2.1.0/src/rp2_common/pico_crt0/crt0.S.obj
 .debug_abbrev  0x00004094      0x33c CMakeFiles/HomePowerBank.dir/C_/Users/Robert/.pico-sdk/sdk/2.1.0/src/rp2_common/pico_clib_interface/newlib_interface.c.obj